   Compiling pyo3-ffi v0.29.2
   Compiling pyo3 v0.29.2
   Compiling sc-observability-py v1.4.0 (/Users/randlee/github/sc-observability-worktrees/feature/phase-b-6-python-async/bindings/python/sc-observability-py)
   Compiling rust-python-logging v1.4.0 (/Users/randlee/github/sc-observability-worktrees/feature/phase-b-6-python-async/examples/rust-python-logging)
    Finished `dev` profile [unoptimized + debuginfo] target(s) in 2.31s
     Running `target/debug/rust-python-logging`
B5_MIXED_CONTEXT_OK
B5_ATTACHED_STOP_OK
2026-09-17T10:45:46.111945Z INFO async.embed held 
2026-09-17T10:45:46.126533Z INFO async.embed thread.31 
2026-09-17T10:45:46.126597Z INFO async.embed thread.0 
2026-09-17T10:45:46.126643Z INFO async.embed thread.1 
2026-09-17T10:45:46.126684Z INFO async.embed thread.4 
2026-09-17T10:45:46.126723Z INFO async.embed thread.2 
2026-09-17T10:45:46.126761Z INFO async.embed thread.3 
2026-09-17T10:45:46.126797Z INFO async.embed thread.6 
2026-09-17T10:45:46.126834Z INFO async.embed thread.5 
2026-09-17T10:45:46.126869Z INFO async.embed thread.7 
2026-09-17T10:45:46.126905Z INFO async.embed thread.8 
2026-09-17T10:45:46.126941Z INFO async.embed thread.9 
2026-09-17T10:45:46.126976Z INFO async.embed thread.10 
2026-09-17T10:45:46.127011Z INFO async.embed thread.11 
2026-09-17T10:45:46.127046Z INFO async.embed thread.12 
2026-09-17T10:45:46.127081Z INFO async.embed thread.13 
2026-09-17T10:45:46.127118Z INFO async.embed thread.14 
2026-09-17T10:45:46.127153Z INFO async.embed thread.15 
2026-09-17T10:45:46.127188Z INFO async.embed thread.16 
2026-09-17T10:45:46.127223Z INFO async.embed thread.18 
2026-09-17T10:45:46.127258Z INFO async.embed thread.19 
2026-09-17T10:45:46.127292Z INFO async.embed thread.20 
2026-09-17T10:45:46.127327Z INFO async.embed thread.21 
2026-09-17T10:45:46.127362Z INFO async.embed thread.23 
2026-09-17T10:45:46.127398Z INFO async.embed thread.24 
2026-09-17T10:45:46.127433Z INFO async.embed thread.25 
2026-09-17T10:45:46.127467Z INFO async.embed thread.17 
2026-09-17T10:45:46.127502Z INFO async.embed thread.26 
2026-09-17T10:45:46.127537Z INFO async.embed thread.27 
2026-09-17T10:45:46.127573Z INFO async.embed thread.29 
2026-09-17T10:45:46.127609Z INFO async.embed thread.30 
2026-09-17T10:45:46.127644Z INFO async.embed thread.22 
2026-09-17T10:45:46.12768Z INFO async.embed thread.28 
2026-09-17T10:45:46.1308Z INFO async.embed task.0 
2026-09-17T10:45:46.130883Z INFO async.embed task.1 
2026-09-17T10:45:46.130956Z INFO async.embed task.2 
2026-09-17T10:45:46.131024Z INFO async.embed task.3 
2026-09-17T10:45:46.131091Z INFO async.embed task.4 
2026-09-17T10:45:46.131156Z INFO async.embed task.5 
2026-09-17T10:45:46.131221Z INFO async.embed task.6 
2026-09-17T10:45:46.131285Z INFO async.embed task.7 
2026-09-17T10:45:46.131349Z INFO async.embed task.8 
2026-09-17T10:45:46.131435Z INFO async.embed task.9 
2026-09-17T10:45:46.131501Z INFO async.embed task.10 
2026-09-17T10:45:46.131566Z INFO async.embed task.11 
2026-09-17T10:45:46.131632Z INFO async.embed task.12 
2026-09-17T10:45:46.131696Z INFO async.embed task.13 
2026-09-17T10:45:46.13176Z INFO async.embed task.14 
2026-09-17T10:45:46.131823Z INFO async.embed task.15 
2026-09-17T10:45:46.131886Z INFO async.embed task.16 
2026-09-17T10:45:46.131949Z INFO async.embed task.17 
2026-09-17T10:45:46.132012Z INFO async.embed task.18 
2026-09-17T10:45:46.132076Z INFO async.embed task.19 
2026-09-17T10:45:46.132139Z INFO async.embed task.20 
2026-09-17T10:45:46.132201Z INFO async.embed task.21 
2026-09-17T10:45:46.132265Z INFO async.embed task.22 
2026-09-17T10:45:46.132327Z INFO async.embed task.23 
2026-09-17T10:45:46.132389Z INFO async.embed task.24 
2026-09-17T10:45:46.13246Z INFO async.embed task.25 
2026-09-17T10:45:46.132525Z INFO async.embed task.26 
2026-09-17T10:45:46.132587Z INFO async.embed task.27 
2026-09-17T10:45:46.13265Z INFO async.embed task.28 
2026-09-17T10:45:46.132712Z INFO async.embed task.29 
2026-09-17T10:45:46.132775Z INFO async.embed task.30 
2026-09-17T10:45:46.132837Z INFO async.embed task.31 
2026-09-17T10:45:46.133006Z INFO async.embed queue.fill 
2026-09-17T10:45:46.133058Z INFO async.embed queue.fill 
2026-09-17T10:45:46.133106Z INFO async.embed queue.fill 
2026-09-17T10:45:46.133153Z INFO async.embed queue.fill 
2026-09-17T10:45:46.1332Z INFO async.embed queue.fill 
2026-09-17T10:45:46.133247Z INFO async.embed queue.fill 
2026-09-17T10:45:46.133293Z INFO async.embed queue.fill 
2026-09-17T10:45:46.133346Z INFO async.embed queue.fill 
2026-09-17T10:45:46.133392Z INFO async.embed queue.fill 
2026-09-17T10:45:46.133439Z INFO async.embed queue.fill 
2026-09-17T10:45:46.133484Z INFO async.embed queue.fill 
2026-09-17T10:45:46.133531Z INFO async.embed queue.fill 
2026-09-17T10:45:46.133577Z INFO async.embed queue.fill 
2026-09-17T10:45:46.133623Z INFO async.embed queue.fill 
2026-09-17T10:45:46.133677Z INFO async.embed queue.fill 
2026-09-17T10:45:46.133723Z INFO async.embed queue.fill 
2026-09-17T10:45:46.133769Z INFO async.embed queue.fill 
2026-09-17T10:45:46.133815Z INFO async.embed queue.fill 
2026-09-17T10:45:46.133861Z INFO async.embed queue.fill 
2026-09-17T10:45:46.133907Z INFO async.embed queue.fill 
2026-09-17T10:45:46.133953Z INFO async.embed queue.fill 
2026-09-17T10:45:46.133998Z INFO async.embed queue.fill 
2026-09-17T10:45:46.134044Z INFO async.embed queue.fill 
2026-09-17T10:45:46.13409Z INFO async.embed queue.fill 
2026-09-17T10:45:46.134137Z INFO async.embed queue.fill 
2026-09-17T10:45:46.134182Z INFO async.embed queue.fill 
2026-09-17T10:45:46.134228Z INFO async.embed queue.fill 
2026-09-17T10:45:46.134273Z INFO async.embed queue.fill 
2026-09-17T10:45:46.134319Z INFO async.embed queue.fill 
2026-09-17T10:45:46.134365Z INFO async.embed queue.fill 
2026-09-17T10:45:46.134411Z INFO async.embed queue.fill 
2026-09-17T10:45:46.134457Z INFO async.embed queue.fill 
2026-09-17T10:45:46.134503Z INFO async.embed queue.fill 
2026-09-17T10:45:46.134549Z INFO async.embed queue.fill 
2026-09-17T10:45:46.134594Z INFO async.embed queue.fill 
2026-09-17T10:45:46.13464Z INFO async.embed queue.fill 
2026-09-17T10:45:46.134686Z INFO async.embed queue.fill 
2026-09-17T10:45:46.134734Z INFO async.embed queue.fill 
2026-09-17T10:45:46.134784Z INFO async.embed queue.fill 
2026-09-17T10:45:46.134829Z INFO async.embed queue.fill 
2026-09-17T10:45:46.134875Z INFO async.embed queue.fill 
2026-09-17T10:45:46.134921Z INFO async.embed queue.fill 
2026-09-17T10:45:46.134967Z INFO async.embed queue.fill 
2026-09-17T10:45:46.135013Z INFO async.embed queue.fill 
2026-09-17T10:45:46.135059Z INFO async.embed queue.fill 
2026-09-17T10:45:46.135105Z INFO async.embed queue.fill 
2026-09-17T10:45:46.13515Z INFO async.embed queue.fill 
2026-09-17T10:45:46.135196Z INFO async.embed queue.fill 
2026-09-17T10:45:46.135242Z INFO async.embed queue.fill 
2026-09-17T10:45:46.135288Z INFO async.embed queue.fill 
2026-09-17T10:45:46.135334Z INFO async.embed queue.fill 
2026-09-17T10:45:46.13538Z INFO async.embed queue.fill 
2026-09-17T10:45:46.135426Z INFO async.embed queue.fill 
2026-09-17T10:45:46.135472Z INFO async.embed queue.fill 
2026-09-17T10:45:46.135517Z INFO async.embed queue.fill 
2026-09-17T10:45:46.135563Z INFO async.embed queue.fill 
2026-09-17T10:45:46.135609Z INFO async.embed queue.fill 
2026-09-17T10:45:46.135654Z INFO async.embed queue.fill 
2026-09-17T10:45:46.1357Z INFO async.embed queue.fill 
2026-09-17T10:45:46.135745Z INFO async.embed queue.fill 
2026-09-17T10:45:46.135791Z INFO async.embed queue.fill 
2026-09-17T10:45:46.135837Z INFO async.embed queue.fill 
2026-09-17T10:45:46.135884Z INFO async.embed queue.fill 
2026-09-17T10:45:46.13593Z INFO async.embed queue.fill 
2026-09-17T10:45:46.135976Z INFO async.embed queue.fill 
2026-09-17T10:45:46.136022Z INFO async.embed queue.fill 
2026-09-17T10:45:46.136067Z INFO async.embed queue.fill 
2026-09-17T10:45:46.136113Z INFO async.embed queue.fill 
2026-09-17T10:45:46.136159Z INFO async.embed queue.fill 
2026-09-17T10:45:46.136204Z INFO async.embed queue.fill 
2026-09-17T10:45:46.136252Z INFO async.embed queue.fill 
2026-09-17T10:45:46.136298Z INFO async.embed queue.fill 
2026-09-17T10:45:46.136344Z INFO async.embed queue.fill 
2026-09-17T10:45:46.13639Z INFO async.embed queue.fill 
2026-09-17T10:45:46.136436Z INFO async.embed queue.fill 
2026-09-17T10:45:46.136482Z INFO async.embed queue.fill 
2026-09-17T10:45:46.136528Z INFO async.embed queue.fill 
2026-09-17T10:45:46.136574Z INFO async.embed queue.fill 
2026-09-17T10:45:46.136619Z INFO async.embed queue.fill 
2026-09-17T10:45:46.136665Z INFO async.embed queue.fill 
2026-09-17T10:45:46.13671Z INFO async.embed queue.fill 
2026-09-17T10:45:46.136756Z INFO async.embed queue.fill 
2026-09-17T10:45:46.136802Z INFO async.embed queue.fill 
2026-09-17T10:45:46.136848Z INFO async.embed queue.fill 
2026-09-17T10:45:46.136894Z INFO async.embed queue.fill 
2026-09-17T10:45:46.136939Z INFO async.embed queue.fill 
2026-09-17T10:45:46.137033Z INFO async.embed queue.fill 
2026-09-17T10:45:46.137099Z INFO async.embed queue.fill 
2026-09-17T10:45:46.13715Z INFO async.embed queue.fill 
2026-09-17T10:45:46.137199Z INFO async.embed queue.fill 
2026-09-17T10:45:46.137247Z INFO async.embed queue.fill 
2026-09-17T10:45:46.137294Z INFO async.embed queue.fill 
2026-09-17T10:45:46.137342Z INFO async.embed queue.fill 
2026-09-17T10:45:46.137389Z INFO async.embed queue.fill 
2026-09-17T10:45:46.137436Z INFO async.embed queue.fill 
2026-09-17T10:45:46.137483Z INFO async.embed queue.fill 
2026-09-17T10:45:46.137529Z INFO async.embed queue.fill 
2026-09-17T10:45:46.137576Z INFO async.embed queue.fill 
2026-09-17T10:45:46.137622Z INFO async.embed queue.fill 
2026-09-17T10:45:46.137668Z INFO async.embed queue.fill 
2026-09-17T10:45:46.137715Z INFO async.embed queue.fill 
2026-09-17T10:45:46.137761Z INFO async.embed queue.fill 
2026-09-17T10:45:46.137807Z INFO async.embed queue.fill 
2026-09-17T10:45:46.137853Z INFO async.embed queue.fill 
2026-09-17T10:45:46.137899Z INFO async.embed queue.fill 
2026-09-17T10:45:46.137945Z INFO async.embed queue.fill 
2026-09-17T10:45:46.137991Z INFO async.embed queue.fill 
2026-09-17T10:45:46.138037Z INFO async.embed queue.fill 
2026-09-17T10:45:46.138082Z INFO async.embed queue.fill 
2026-09-17T10:45:46.138128Z INFO async.embed queue.fill 
2026-09-17T10:45:46.138174Z INFO async.embed queue.fill 
2026-09-17T10:45:46.138223Z INFO async.embed queue.fill 
2026-09-17T10:45:46.138274Z INFO async.embed queue.fill 
2026-09-17T10:45:46.138328Z INFO async.embed queue.fill 
2026-09-17T10:45:46.138373Z INFO async.embed queue.fill 
2026-09-17T10:45:46.138419Z INFO async.embed queue.fill 
2026-09-17T10:45:46.138465Z INFO async.embed queue.fill 
2026-09-17T10:45:46.13851Z INFO async.embed queue.fill 
2026-09-17T10:45:46.138556Z INFO async.embed queue.fill 
2026-09-17T10:45:46.138602Z INFO async.embed queue.fill 
2026-09-17T10:45:46.138648Z INFO async.embed queue.fill 
2026-09-17T10:45:46.138694Z INFO async.embed queue.fill 
2026-09-17T10:45:46.13874Z INFO async.embed queue.fill 
2026-09-17T10:45:46.138788Z INFO async.embed queue.fill 
2026-09-17T10:45:46.138834Z INFO async.embed queue.fill 
2026-09-17T10:45:46.138879Z INFO async.embed queue.fill 
2026-09-17T10:45:46.138925Z INFO async.embed queue.fill 
2026-09-17T10:45:46.138971Z INFO async.embed queue.fill 
2026-09-17T10:45:46.139016Z INFO async.embed queue.fill 
2026-09-17T10:45:46.139073Z INFO async.embed queue.fill 
2026-09-17T10:45:46.139118Z INFO async.embed queue.fill 
2026-09-17T10:45:46.139164Z INFO async.embed queue.fill 
2026-09-17T10:45:46.13921Z INFO async.embed queue.fill 
2026-09-17T10:45:46.139256Z INFO async.embed queue.fill 
2026-09-17T10:45:46.139302Z INFO async.embed queue.fill 
2026-09-17T10:45:46.139347Z INFO async.embed queue.fill 
2026-09-17T10:45:46.139393Z INFO async.embed queue.fill 
2026-09-17T10:45:46.139441Z INFO async.embed queue.fill 
2026-09-17T10:45:46.139487Z INFO async.embed queue.fill 
2026-09-17T10:45:46.139533Z INFO async.embed queue.fill 
2026-09-17T10:45:46.139579Z INFO async.embed queue.fill 
2026-09-17T10:45:46.139624Z INFO async.embed queue.fill 
2026-09-17T10:45:46.13967Z INFO async.embed queue.fill 
2026-09-17T10:45:46.139716Z INFO async.embed queue.fill 
2026-09-17T10:45:46.139762Z INFO async.embed queue.fill 
2026-09-17T10:45:46.139809Z INFO async.embed queue.fill 
2026-09-17T10:45:46.139855Z INFO async.embed queue.fill 
2026-09-17T10:45:46.139902Z INFO async.embed queue.fill 
2026-09-17T10:45:46.139948Z INFO async.embed queue.fill 
2026-09-17T10:45:46.139994Z INFO async.embed queue.fill 
2026-09-17T10:45:46.14004Z INFO async.embed queue.fill 
2026-09-17T10:45:46.140086Z INFO async.embed queue.fill 
2026-09-17T10:45:46.140132Z INFO async.embed queue.fill 
2026-09-17T10:45:46.140178Z INFO async.embed queue.fill 
2026-09-17T10:45:46.140223Z INFO async.embed queue.fill 
2026-09-17T10:45:46.140269Z INFO async.embed queue.fill 
2026-09-17T10:45:46.140315Z INFO async.embed queue.fill 
2026-09-17T10:45:46.140361Z INFO async.embed queue.fill 
2026-09-17T10:45:46.140407Z INFO async.embed queue.fill 
2026-09-17T10:45:46.140452Z INFO async.embed queue.fill 
2026-09-17T10:45:46.140498Z INFO async.embed queue.fill 
2026-09-17T10:45:46.140544Z INFO async.embed queue.fill 
2026-09-17T10:45:46.140591Z INFO async.embed queue.fill 
2026-09-17T10:45:46.140638Z INFO async.embed queue.fill 
2026-09-17T10:45:46.140684Z INFO async.embed queue.fill 
2026-09-17T10:45:46.140729Z INFO async.embed queue.fill 
2026-09-17T10:45:46.140775Z INFO async.embed queue.fill 
2026-09-17T10:45:46.140821Z INFO async.embed queue.fill 
2026-09-17T10:45:46.140866Z INFO async.embed queue.fill 
2026-09-17T10:45:46.140912Z INFO async.embed queue.fill 
2026-09-17T10:45:46.140958Z INFO async.embed queue.fill 
2026-09-17T10:45:46.141043Z INFO async.embed queue.fill 
2026-09-17T10:45:46.141098Z INFO async.embed queue.fill 
2026-09-17T10:45:46.141148Z INFO async.embed queue.fill 
2026-09-17T10:45:46.141196Z INFO async.embed queue.fill 
2026-09-17T10:45:46.141244Z INFO async.embed queue.fill 
2026-09-17T10:45:46.141291Z INFO async.embed queue.fill 
2026-09-17T10:45:46.141338Z INFO async.embed queue.fill 
2026-09-17T10:45:46.141385Z INFO async.embed queue.fill 
2026-09-17T10:45:46.141432Z INFO async.embed queue.fill 
2026-09-17T10:45:46.141479Z INFO async.embed queue.fill 
2026-09-17T10:45:46.141525Z INFO async.embed queue.fill 
2026-09-17T10:45:46.141571Z INFO async.embed queue.fill 
2026-09-17T10:45:46.141618Z INFO async.embed queue.fill 
2026-09-17T10:45:46.141664Z INFO async.embed queue.fill 
2026-09-17T10:45:46.14171Z INFO async.embed queue.fill 
2026-09-17T10:45:46.141756Z INFO async.embed queue.fill 
2026-09-17T10:45:46.141805Z INFO async.embed queue.fill 
2026-09-17T10:45:46.141852Z INFO async.embed queue.fill 
2026-09-17T10:45:46.141897Z INFO async.embed queue.fill 
2026-09-17T10:45:46.141944Z INFO async.embed queue.fill 
2026-09-17T10:45:46.14199Z INFO async.embed queue.fill 
2026-09-17T10:45:46.142037Z INFO async.embed queue.fill 
2026-09-17T10:45:46.142083Z INFO async.embed queue.fill 
2026-09-17T10:45:46.142129Z INFO async.embed queue.fill 
2026-09-17T10:45:46.142175Z INFO async.embed queue.fill 
2026-09-17T10:45:46.142221Z INFO async.embed queue.fill 
2026-09-17T10:45:46.142267Z INFO async.embed queue.fill 
2026-09-17T10:45:46.142313Z INFO async.embed queue.fill 
2026-09-17T10:45:46.142359Z INFO async.embed queue.fill 
2026-09-17T10:45:46.142406Z INFO async.embed queue.fill 
2026-09-17T10:45:46.142452Z INFO async.embed queue.fill 
2026-09-17T10:45:46.142498Z INFO async.embed queue.fill 
2026-09-17T10:45:46.142544Z INFO async.embed queue.fill 
2026-09-17T10:45:46.14259Z INFO async.embed queue.fill 
2026-09-17T10:45:46.142636Z INFO async.embed queue.fill 
2026-09-17T10:45:46.142682Z INFO async.embed queue.fill 
2026-09-17T10:45:46.142728Z INFO async.embed queue.fill 
2026-09-17T10:45:46.142774Z INFO async.embed queue.fill 
2026-09-17T10:45:46.14282Z INFO async.embed queue.fill 
2026-09-17T10:45:46.142866Z INFO async.embed queue.fill 
2026-09-17T10:45:46.142912Z INFO async.embed queue.fill 
2026-09-17T10:45:46.14296Z INFO async.embed queue.fill 
2026-09-17T10:45:46.143006Z INFO async.embed queue.fill 
2026-09-17T10:45:46.143051Z INFO async.embed queue.fill 
2026-09-17T10:45:46.143097Z INFO async.embed queue.fill 
2026-09-17T10:45:46.143143Z INFO async.embed queue.fill 
2026-09-17T10:45:46.143189Z INFO async.embed queue.fill 
2026-09-17T10:45:46.143235Z INFO async.embed queue.fill 
2026-09-17T10:45:46.143281Z INFO async.embed queue.fill 
2026-09-17T10:45:46.143328Z INFO async.embed queue.fill 
2026-09-17T10:45:46.143373Z INFO async.embed queue.fill 
2026-09-17T10:45:46.14342Z INFO async.embed queue.fill 
2026-09-17T10:45:46.143465Z INFO async.embed queue.fill 
2026-09-17T10:45:46.143512Z INFO async.embed queue.fill 
2026-09-17T10:45:46.143557Z INFO async.embed queue.fill 
2026-09-17T10:45:46.143603Z INFO async.embed queue.fill 
2026-09-17T10:45:46.143649Z INFO async.embed queue.fill 
2026-09-17T10:45:46.143695Z INFO async.embed queue.fill 
2026-09-17T10:45:46.143741Z INFO async.embed queue.fill 
2026-09-17T10:45:46.143787Z INFO async.embed queue.fill 
2026-09-17T10:45:46.143832Z INFO async.embed queue.fill 
2026-09-17T10:45:46.143878Z INFO async.embed queue.fill 
2026-09-17T10:45:46.143924Z INFO async.embed queue.fill 
2026-09-17T10:45:46.143969Z INFO async.embed queue.fill 
2026-09-17T10:45:46.144015Z INFO async.embed queue.fill 
2026-09-17T10:45:46.14406Z INFO async.embed queue.fill 
2026-09-17T10:45:46.14411Z INFO async.embed queue.fill 
2026-09-17T10:45:46.144156Z INFO async.embed queue.fill 
2026-09-17T10:45:46.144202Z INFO async.embed queue.fill 
2026-09-17T10:45:46.14425Z INFO async.embed queue.fill 
2026-09-17T10:45:46.1443Z INFO async.embed queue.fill 
2026-09-17T10:45:46.144348Z INFO async.embed queue.fill 
2026-09-17T10:45:46.144394Z INFO async.embed queue.fill 
2026-09-17T10:45:46.14444Z INFO async.embed queue.fill 
2026-09-17T10:45:46.144486Z INFO async.embed queue.fill 
2026-09-17T10:45:46.144531Z INFO async.embed queue.fill 
2026-09-17T10:45:46.144577Z INFO async.embed queue.fill 
2026-09-17T10:45:46.144623Z INFO async.embed queue.fill 
2026-09-17T10:45:46.144668Z INFO async.embed queue.fill 
2026-09-17T10:45:46.144714Z INFO async.embed queue.fill 
2026-09-17T10:45:46.144759Z INFO async.embed queue.fill 
2026-09-17T10:45:46.144805Z INFO async.embed queue.fill 
2026-09-17T10:45:46.144851Z INFO async.embed queue.fill 
2026-09-17T10:45:46.144896Z INFO async.embed queue.fill 
2026-09-17T10:45:46.144942Z INFO async.embed queue.fill 
2026-09-17T10:45:46.144994Z INFO async.embed queue.fill 
2026-09-17T10:45:46.14504Z INFO async.embed queue.fill 
2026-09-17T10:45:46.145085Z INFO async.embed queue.fill 
2026-09-17T10:45:46.145131Z INFO async.embed queue.fill 
2026-09-17T10:45:46.145177Z INFO async.embed queue.fill 
2026-09-17T10:45:46.145222Z INFO async.embed queue.fill 
2026-09-17T10:45:46.14527Z INFO async.embed queue.fill 
2026-09-17T10:45:46.145316Z INFO async.embed queue.fill 
2026-09-17T10:45:46.145362Z INFO async.embed queue.fill 
2026-09-17T10:45:46.145412Z INFO async.embed queue.fill 
2026-09-17T10:45:46.145463Z INFO async.embed queue.fill 
2026-09-17T10:45:46.14551Z INFO async.embed queue.fill 
2026-09-17T10:45:46.145563Z INFO async.embed queue.fill 
2026-09-17T10:45:46.145617Z INFO async.embed queue.fill 
2026-09-17T10:45:46.145663Z INFO async.embed queue.fill 
2026-09-17T10:45:46.145709Z INFO async.embed queue.fill 
2026-09-17T10:45:46.145755Z INFO async.embed queue.fill 
2026-09-17T10:45:46.145802Z INFO async.embed queue.fill 
2026-09-17T10:45:46.14585Z INFO async.embed queue.fill 
2026-09-17T10:45:46.145896Z INFO async.embed queue.fill 
2026-09-17T10:45:46.145941Z INFO async.embed queue.fill 
2026-09-17T10:45:46.145987Z INFO async.embed queue.fill 
2026-09-17T10:45:46.146033Z INFO async.embed queue.fill 
2026-09-17T10:45:46.146078Z INFO async.embed queue.fill 
2026-09-17T10:45:46.146126Z INFO async.embed queue.fill 
2026-09-17T10:45:46.146172Z INFO async.embed queue.fill 
2026-09-17T10:45:46.146218Z INFO async.embed queue.fill 
2026-09-17T10:45:46.146264Z INFO async.embed queue.fill 
2026-09-17T10:45:46.146309Z INFO async.embed queue.fill 
2026-09-17T10:45:46.146354Z INFO async.embed queue.fill 
2026-09-17T10:45:46.146399Z INFO async.embed queue.fill 
2026-09-17T10:45:46.14645Z INFO async.embed queue.fill 
2026-09-17T10:45:46.146496Z INFO async.embed queue.fill 
2026-09-17T10:45:46.146541Z INFO async.embed queue.fill 
2026-09-17T10:45:46.146587Z INFO async.embed queue.fill 
2026-09-17T10:45:46.146632Z INFO async.embed queue.fill 
2026-09-17T10:45:46.146678Z INFO async.embed queue.fill 
2026-09-17T10:45:46.146723Z INFO async.embed queue.fill 
2026-09-17T10:45:46.146769Z INFO async.embed queue.fill 
2026-09-17T10:45:46.146814Z INFO async.embed queue.fill 
2026-09-17T10:45:46.146859Z INFO async.embed queue.fill 
2026-09-17T10:45:46.146905Z INFO async.embed queue.fill 
2026-09-17T10:45:46.14695Z INFO async.embed queue.fill 
2026-09-17T10:45:46.146996Z INFO async.embed queue.fill 
2026-09-17T10:45:46.147041Z INFO async.embed queue.fill 
2026-09-17T10:45:46.147087Z INFO async.embed queue.fill 
2026-09-17T10:45:46.147132Z INFO async.embed queue.fill 
2026-09-17T10:45:46.147177Z INFO async.embed queue.fill 
2026-09-17T10:45:46.147223Z INFO async.embed queue.fill 
2026-09-17T10:45:46.147268Z INFO async.embed queue.fill 
2026-09-17T10:45:46.147313Z INFO async.embed queue.fill 
2026-09-17T10:45:46.147359Z INFO async.embed queue.fill 
2026-09-17T10:45:46.147404Z INFO async.embed queue.fill 
2026-09-17T10:45:46.14745Z INFO async.embed queue.fill 
2026-09-17T10:45:46.147499Z INFO async.embed queue.fill 
2026-09-17T10:45:46.147545Z INFO async.embed queue.fill 
2026-09-17T10:45:46.147593Z INFO async.embed queue.fill 
2026-09-17T10:45:46.147639Z INFO async.embed queue.fill 
2026-09-17T10:45:46.147684Z INFO async.embed queue.fill 
2026-09-17T10:45:46.147729Z INFO async.embed queue.fill 
2026-09-17T10:45:46.147775Z INFO async.embed queue.fill 
2026-09-17T10:45:46.14782Z INFO async.embed queue.fill 
2026-09-17T10:45:46.147866Z INFO async.embed queue.fill 
2026-09-17T10:45:46.147911Z INFO async.embed queue.fill 
2026-09-17T10:45:46.147957Z INFO async.embed queue.fill 
2026-09-17T10:45:46.148002Z INFO async.embed queue.fill 
2026-09-17T10:45:46.148048Z INFO async.embed queue.fill 
2026-09-17T10:45:46.148093Z INFO async.embed queue.fill 
2026-09-17T10:45:46.148138Z INFO async.embed queue.fill 
2026-09-17T10:45:46.148184Z INFO async.embed queue.fill 
2026-09-17T10:45:46.148229Z INFO async.embed queue.fill 
2026-09-17T10:45:46.148274Z INFO async.embed queue.fill 
2026-09-17T10:45:46.14832Z INFO async.embed queue.fill 
2026-09-17T10:45:46.148365Z INFO async.embed queue.fill 
2026-09-17T10:45:46.14841Z INFO async.embed queue.fill 
2026-09-17T10:45:46.148456Z INFO async.embed queue.fill 
2026-09-17T10:45:46.148501Z INFO async.embed queue.fill 
2026-09-17T10:45:46.148546Z INFO async.embed queue.fill 
2026-09-17T10:45:46.148592Z INFO async.embed queue.fill 
2026-09-17T10:45:46.148637Z INFO async.embed queue.fill 
2026-09-17T10:45:46.148683Z INFO async.embed queue.fill 
2026-09-17T10:45:46.148734Z INFO async.embed queue.fill 
2026-09-17T10:45:46.148789Z INFO async.embed queue.fill 
2026-09-17T10:45:46.148835Z INFO async.embed queue.fill 
2026-09-17T10:45:46.14888Z INFO async.embed queue.fill 
2026-09-17T10:45:46.148926Z INFO async.embed queue.fill 
2026-09-17T10:45:46.148971Z INFO async.embed queue.fill 
2026-09-17T10:45:46.149065Z INFO async.embed queue.fill 
2026-09-17T10:45:46.149126Z INFO async.embed queue.fill 
2026-09-17T10:45:46.149179Z INFO async.embed queue.fill 
2026-09-17T10:45:46.149228Z INFO async.embed queue.fill 
2026-09-17T10:45:46.149276Z INFO async.embed queue.fill 
2026-09-17T10:45:46.149323Z INFO async.embed queue.fill 
2026-09-17T10:45:46.14937Z INFO async.embed queue.fill 
2026-09-17T10:45:46.149417Z INFO async.embed queue.fill 
2026-09-17T10:45:46.149464Z INFO async.embed queue.fill 
2026-09-17T10:45:46.14951Z INFO async.embed queue.fill 
2026-09-17T10:45:46.149557Z INFO async.embed queue.fill 
2026-09-17T10:45:46.149603Z INFO async.embed queue.fill 
2026-09-17T10:45:46.14965Z INFO async.embed queue.fill 
2026-09-17T10:45:46.149696Z INFO async.embed queue.fill 
2026-09-17T10:45:46.149742Z INFO async.embed queue.fill 
2026-09-17T10:45:46.149788Z INFO async.embed queue.fill 
2026-09-17T10:45:46.149834Z INFO async.embed queue.fill 
2026-09-17T10:45:46.14988Z INFO async.embed queue.fill 
2026-09-17T10:45:46.149926Z INFO async.embed queue.fill 
2026-09-17T10:45:46.149974Z INFO async.embed queue.fill 
2026-09-17T10:45:46.15002Z INFO async.embed queue.fill 
2026-09-17T10:45:46.150067Z INFO async.embed queue.fill 
2026-09-17T10:45:46.150112Z INFO async.embed queue.fill 
2026-09-17T10:45:46.150158Z INFO async.embed queue.fill 
2026-09-17T10:45:46.150204Z INFO async.embed queue.fill 
2026-09-17T10:45:46.15025Z INFO async.embed queue.fill 
2026-09-17T10:45:46.150296Z INFO async.embed queue.fill 
2026-09-17T10:45:46.150341Z INFO async.embed queue.fill 
2026-09-17T10:45:46.150387Z INFO async.embed queue.fill 
2026-09-17T10:45:46.150433Z INFO async.embed queue.fill 
2026-09-17T10:45:46.150479Z INFO async.embed queue.fill 
2026-09-17T10:45:46.150524Z INFO async.embed queue.fill 
2026-09-17T10:45:46.15057Z INFO async.embed queue.fill 
2026-09-17T10:45:46.150615Z INFO async.embed queue.fill 
2026-09-17T10:45:46.150661Z INFO async.embed queue.fill 
2026-09-17T10:45:46.150707Z INFO async.embed queue.fill 
2026-09-17T10:45:46.150753Z INFO async.embed queue.fill 
2026-09-17T10:45:46.150799Z INFO async.embed queue.fill 
2026-09-17T10:45:46.150845Z INFO async.embed queue.fill 
2026-09-17T10:45:46.15089Z INFO async.embed queue.fill 
2026-09-17T10:45:46.150936Z INFO async.embed queue.fill 
2026-09-17T10:45:46.150981Z INFO async.embed queue.fill 
2026-09-17T10:45:46.151027Z INFO async.embed queue.fill 
2026-09-17T10:45:46.151073Z INFO async.embed queue.fill 
2026-09-17T10:45:46.15112Z INFO async.embed queue.fill 
2026-09-17T10:45:46.151165Z INFO async.embed queue.fill 
2026-09-17T10:45:46.151211Z INFO async.embed queue.fill 
2026-09-17T10:45:46.151256Z INFO async.embed queue.fill 
2026-09-17T10:45:46.151302Z INFO async.embed queue.fill 
2026-09-17T10:45:46.151348Z INFO async.embed queue.fill 
2026-09-17T10:45:46.151393Z INFO async.embed queue.fill 
2026-09-17T10:45:46.151439Z INFO async.embed queue.fill 
2026-09-17T10:45:46.151485Z INFO async.embed queue.fill 
2026-09-17T10:45:46.15153Z INFO async.embed queue.fill 
2026-09-17T10:45:46.151576Z INFO async.embed queue.fill 
2026-09-17T10:45:46.151622Z INFO async.embed queue.fill 
2026-09-17T10:45:46.151667Z INFO async.embed queue.fill 
2026-09-17T10:45:46.151713Z INFO async.embed queue.fill 
2026-09-17T10:45:46.151759Z INFO async.embed queue.fill 
2026-09-17T10:45:46.151812Z INFO async.embed queue.fill 
2026-09-17T10:45:46.151859Z INFO async.embed queue.fill 
2026-09-17T10:45:46.151904Z INFO async.embed queue.fill 
2026-09-17T10:45:46.15195Z INFO async.embed queue.fill 
2026-09-17T10:45:46.151995Z INFO async.embed queue.fill 
2026-09-17T10:45:46.152041Z INFO async.embed queue.fill 
2026-09-17T10:45:46.152087Z INFO async.embed queue.fill 
2026-09-17T10:45:46.152133Z INFO async.embed queue.fill 
2026-09-17T10:45:46.152178Z INFO async.embed queue.fill 
2026-09-17T10:45:46.152224Z INFO async.embed queue.fill 
2026-09-17T10:45:46.152271Z INFO async.embed queue.fill 
2026-09-17T10:45:46.152317Z INFO async.embed queue.fill 
2026-09-17T10:45:46.152363Z INFO async.embed queue.fill 
2026-09-17T10:45:46.152408Z INFO async.embed queue.fill 
2026-09-17T10:45:46.152454Z INFO async.embed queue.fill 
2026-09-17T10:45:46.1525Z INFO async.embed queue.fill 
2026-09-17T10:45:46.152546Z INFO async.embed queue.fill 
2026-09-17T10:45:46.152592Z INFO async.embed queue.fill 
2026-09-17T10:45:46.152637Z INFO async.embed queue.fill 
2026-09-17T10:45:46.152683Z INFO async.embed queue.fill 
2026-09-17T10:45:46.152728Z INFO async.embed queue.fill 
2026-09-17T10:45:46.152774Z INFO async.embed queue.fill 
2026-09-17T10:45:46.152819Z INFO async.embed queue.fill 
2026-09-17T10:45:46.152865Z INFO async.embed queue.fill 
2026-09-17T10:45:46.152911Z INFO async.embed queue.fill 
2026-09-17T10:45:46.152956Z INFO async.embed queue.fill 
2026-09-17T10:45:46.153004Z INFO async.embed queue.fill 
2026-09-17T10:45:46.15305Z INFO async.embed queue.fill 
2026-09-17T10:45:46.153095Z INFO async.embed queue.fill 
2026-09-17T10:45:46.153141Z INFO async.embed queue.fill 
2026-09-17T10:45:46.153186Z INFO async.embed queue.fill 
2026-09-17T10:45:46.153232Z INFO async.embed queue.fill 
2026-09-17T10:45:46.153277Z INFO async.embed queue.fill 
2026-09-17T10:45:46.153323Z INFO async.embed queue.fill 
2026-09-17T10:45:46.153368Z INFO async.embed queue.fill 
2026-09-17T10:45:46.153418Z INFO async.embed queue.fill 
2026-09-17T10:45:46.153478Z INFO async.embed queue.fill 
2026-09-17T10:45:46.153531Z INFO async.embed queue.fill 
2026-09-17T10:45:46.153585Z INFO async.embed queue.fill 
2026-09-17T10:45:46.153631Z INFO async.embed queue.fill 
2026-09-17T10:45:46.153676Z INFO async.embed queue.fill 
2026-09-17T10:45:46.153722Z INFO async.embed queue.fill 
2026-09-17T10:45:46.153767Z INFO async.embed queue.fill 
2026-09-17T10:45:46.153813Z INFO async.embed queue.fill 
2026-09-17T10:45:46.153858Z INFO async.embed queue.fill 
2026-09-17T10:45:46.153904Z INFO async.embed queue.fill 
2026-09-17T10:45:46.153951Z INFO async.embed queue.fill 
2026-09-17T10:45:46.153997Z INFO async.embed queue.fill 
2026-09-17T10:45:46.154042Z INFO async.embed queue.fill 
2026-09-17T10:45:46.154095Z INFO async.embed queue.fill 
2026-09-17T10:45:46.154141Z INFO async.embed queue.fill 
2026-09-17T10:45:46.154187Z INFO async.embed queue.fill 
2026-09-17T10:45:46.154232Z INFO async.embed queue.fill 
2026-09-17T10:45:46.154281Z INFO async.embed queue.fill 
2026-09-17T10:45:46.154326Z INFO async.embed queue.fill 
2026-09-17T10:45:46.154372Z INFO async.embed queue.fill 
2026-09-17T10:45:46.154417Z INFO async.embed queue.fill 
2026-09-17T10:45:46.154462Z INFO async.embed queue.fill 
2026-09-17T10:45:46.154508Z INFO async.embed queue.fill 
2026-09-17T10:45:46.154553Z INFO async.embed queue.fill 
2026-09-17T10:45:46.1546Z INFO async.embed queue.fill 
2026-09-17T10:45:46.15465Z INFO async.embed queue.fill 
2026-09-17T10:45:46.154695Z INFO async.embed queue.fill 
2026-09-17T10:45:46.154741Z INFO async.embed queue.fill 
2026-09-17T10:45:46.154786Z INFO async.embed queue.fill 
2026-09-17T10:45:46.154839Z INFO async.embed queue.fill 
2026-09-17T10:45:46.154884Z INFO async.embed queue.fill 
2026-09-17T10:45:46.15493Z INFO async.embed queue.fill 
2026-09-17T10:45:46.154976Z INFO async.embed queue.fill 
2026-09-17T10:45:46.155021Z INFO async.embed queue.fill 
2026-09-17T10:45:46.155067Z INFO async.embed queue.fill 
2026-09-17T10:45:46.155112Z INFO async.embed queue.fill 
2026-09-17T10:45:46.155167Z INFO async.embed queue.fill 
2026-09-17T10:45:46.155213Z INFO async.embed queue.fill 
2026-09-17T10:45:46.155259Z INFO async.embed queue.fill 
2026-09-17T10:45:46.155304Z INFO async.embed queue.fill 
2026-09-17T10:45:46.15535Z INFO async.embed queue.fill 
2026-09-17T10:45:46.155395Z INFO async.embed queue.fill 
2026-09-17T10:45:46.155441Z INFO async.embed queue.fill 
2026-09-17T10:45:46.155486Z INFO async.embed queue.fill 
2026-09-17T10:45:46.155532Z INFO async.embed queue.fill 
2026-09-17T10:45:46.155578Z INFO async.embed queue.fill 
2026-09-17T10:45:46.155624Z INFO async.embed queue.fill 
2026-09-17T10:45:46.15567Z INFO async.embed queue.fill 
2026-09-17T10:45:46.155715Z INFO async.embed queue.fill 
2026-09-17T10:45:46.155765Z INFO async.embed queue.fill 
2026-09-17T10:45:46.15581Z INFO async.embed queue.fill 
2026-09-17T10:45:46.155856Z INFO async.embed queue.fill 
2026-09-17T10:45:46.155901Z INFO async.embed queue.fill 
2026-09-17T10:45:46.155947Z INFO async.embed queue.fill 
2026-09-17T10:45:46.155992Z INFO async.embed queue.fill 
2026-09-17T10:45:46.156038Z INFO async.embed queue.fill 
2026-09-17T10:45:46.156083Z INFO async.embed queue.fill 
2026-09-17T10:45:46.156129Z INFO async.embed queue.fill 
2026-09-17T10:45:46.156174Z INFO async.embed queue.fill 
2026-09-17T10:45:46.156222Z INFO async.embed queue.fill 
2026-09-17T10:45:46.15627Z INFO async.embed queue.fill 
2026-09-17T10:45:46.156328Z INFO async.embed queue.fill 
2026-09-17T10:45:46.156378Z INFO async.embed queue.fill 
2026-09-17T10:45:46.156431Z INFO async.embed queue.fill 
2026-09-17T10:45:46.156478Z INFO async.embed queue.fill 
2026-09-17T10:45:46.156523Z INFO async.embed queue.fill 
2026-09-17T10:45:46.156569Z INFO async.embed queue.fill 
2026-09-17T10:45:46.156617Z INFO async.embed queue.fill 
2026-09-17T10:45:46.156663Z INFO async.embed queue.fill 
2026-09-17T10:45:46.156709Z INFO async.embed queue.fill 
2026-09-17T10:45:46.156754Z INFO async.embed queue.fill 
2026-09-17T10:45:46.1568Z INFO async.embed queue.fill 
2026-09-17T10:45:46.156845Z INFO async.embed queue.fill 
2026-09-17T10:45:46.156894Z INFO async.embed queue.fill 
2026-09-17T10:45:46.156944Z INFO async.embed queue.fill 
2026-09-17T10:45:46.156989Z INFO async.embed queue.fill 
2026-09-17T10:45:46.157069Z INFO async.embed queue.fill 
2026-09-17T10:45:46.157119Z INFO async.embed queue.fill 
2026-09-17T10:45:46.157167Z INFO async.embed queue.fill 
2026-09-17T10:45:46.157223Z INFO async.embed queue.fill 
2026-09-17T10:45:46.15727Z INFO async.embed queue.fill 
2026-09-17T10:45:46.15732Z INFO async.embed queue.fill 
2026-09-17T10:45:46.157367Z INFO async.embed queue.fill 
2026-09-17T10:45:46.157428Z INFO async.embed queue.fill 
2026-09-17T10:45:46.157474Z INFO async.embed queue.fill 
2026-09-17T10:45:46.15752Z INFO async.embed queue.fill 
2026-09-17T10:45:46.157566Z INFO async.embed queue.fill 
2026-09-17T10:45:46.157613Z INFO async.embed queue.fill 
2026-09-17T10:45:46.157659Z INFO async.embed queue.fill 
2026-09-17T10:45:46.157705Z INFO async.embed queue.fill 
2026-09-17T10:45:46.157751Z INFO async.embed queue.fill 
2026-09-17T10:45:46.157798Z INFO async.embed queue.fill 
2026-09-17T10:45:46.157844Z INFO async.embed queue.fill 
2026-09-17T10:45:46.15789Z INFO async.embed queue.fill 
2026-09-17T10:45:46.157936Z INFO async.embed queue.fill 
2026-09-17T10:45:46.157981Z INFO async.embed queue.fill 
2026-09-17T10:45:46.158028Z INFO async.embed queue.fill 
2026-09-17T10:45:46.158074Z INFO async.embed queue.fill 
2026-09-17T10:45:46.15812Z INFO async.embed queue.fill 
2026-09-17T10:45:46.158173Z INFO async.embed queue.fill 
2026-09-17T10:45:46.158219Z INFO async.embed queue.fill 
2026-09-17T10:45:46.158265Z INFO async.embed queue.fill 
2026-09-17T10:45:46.158311Z INFO async.embed queue.fill 
2026-09-17T10:45:46.158357Z INFO async.embed queue.fill 
2026-09-17T10:45:46.158403Z INFO async.embed queue.fill 
2026-09-17T10:45:46.158449Z INFO async.embed queue.fill 
2026-09-17T10:45:46.158495Z INFO async.embed queue.fill 
2026-09-17T10:45:46.158541Z INFO async.embed queue.fill 
2026-09-17T10:45:46.158586Z INFO async.embed queue.fill 
2026-09-17T10:45:46.158632Z INFO async.embed queue.fill 
2026-09-17T10:45:46.158678Z INFO async.embed queue.fill 
2026-09-17T10:45:46.158724Z INFO async.embed queue.fill 
2026-09-17T10:45:46.158769Z INFO async.embed queue.fill 
2026-09-17T10:45:46.158815Z INFO async.embed queue.fill 
2026-09-17T10:45:46.158861Z INFO async.embed queue.fill 
2026-09-17T10:45:46.158907Z INFO async.embed queue.fill 
2026-09-17T10:45:46.158952Z INFO async.embed queue.fill 
2026-09-17T10:45:46.158998Z INFO async.embed queue.fill 
2026-09-17T10:45:46.159044Z INFO async.embed queue.fill 
2026-09-17T10:45:46.15909Z INFO async.embed queue.fill 
2026-09-17T10:45:46.159135Z INFO async.embed queue.fill 
2026-09-17T10:45:46.159181Z INFO async.embed queue.fill 
2026-09-17T10:45:46.159227Z INFO async.embed queue.fill 
2026-09-17T10:45:46.159273Z INFO async.embed queue.fill 
2026-09-17T10:45:46.159321Z INFO async.embed queue.fill 
2026-09-17T10:45:46.159367Z INFO async.embed queue.fill 
2026-09-17T10:45:46.159413Z INFO async.embed queue.fill 
2026-09-17T10:45:46.159459Z INFO async.embed queue.fill 
2026-09-17T10:45:46.159505Z INFO async.embed queue.fill 
2026-09-17T10:45:46.15955Z INFO async.embed queue.fill 
2026-09-17T10:45:46.159596Z INFO async.embed queue.fill 
2026-09-17T10:45:46.159642Z INFO async.embed queue.fill 
2026-09-17T10:45:46.159688Z INFO async.embed queue.fill 
2026-09-17T10:45:46.159734Z INFO async.embed queue.fill 
2026-09-17T10:45:46.15978Z INFO async.embed queue.fill 
2026-09-17T10:45:46.159825Z INFO async.embed queue.fill 
2026-09-17T10:45:46.159872Z INFO async.embed queue.fill 
2026-09-17T10:45:46.159917Z INFO async.embed queue.fill 
2026-09-17T10:45:46.159963Z INFO async.embed queue.fill 
2026-09-17T10:45:46.160009Z INFO async.embed queue.fill 
2026-09-17T10:45:46.160055Z INFO async.embed queue.fill 
2026-09-17T10:45:46.160102Z INFO async.embed queue.fill 
2026-09-17T10:45:46.160148Z INFO async.embed queue.fill 
2026-09-17T10:45:46.160196Z INFO async.embed queue.fill 
2026-09-17T10:45:46.160242Z INFO async.embed queue.fill 
2026-09-17T10:45:46.160293Z INFO async.embed queue.fill 
2026-09-17T10:45:46.160338Z INFO async.embed queue.fill 
2026-09-17T10:45:46.160384Z INFO async.embed queue.fill 
2026-09-17T10:45:46.160429Z INFO async.embed queue.fill 
2026-09-17T10:45:46.16048Z INFO async.embed queue.fill 
2026-09-17T10:45:46.160525Z INFO async.embed queue.fill 
2026-09-17T10:45:46.160571Z INFO async.embed queue.fill 
2026-09-17T10:45:46.160617Z INFO async.embed queue.fill 
2026-09-17T10:45:46.160663Z INFO async.embed queue.fill 
2026-09-17T10:45:46.160708Z INFO async.embed queue.fill 
2026-09-17T10:45:46.160753Z INFO async.embed queue.fill 
2026-09-17T10:45:46.160799Z INFO async.embed queue.fill 
2026-09-17T10:45:46.160844Z INFO async.embed queue.fill 
2026-09-17T10:45:46.16089Z INFO async.embed queue.fill 
2026-09-17T10:45:46.160936Z INFO async.embed queue.fill 
2026-09-17T10:45:46.160981Z INFO async.embed queue.fill 
2026-09-17T10:45:46.161055Z INFO async.embed queue.fill 
2026-09-17T10:45:46.161114Z INFO async.embed queue.fill 
2026-09-17T10:45:46.161163Z INFO async.embed queue.fill 
2026-09-17T10:45:46.161211Z INFO async.embed queue.fill 
2026-09-17T10:45:46.161258Z INFO async.embed queue.fill 
2026-09-17T10:45:46.161304Z INFO async.embed queue.fill 
2026-09-17T10:45:46.161351Z INFO async.embed queue.fill 
2026-09-17T10:45:46.161398Z INFO async.embed queue.fill 
2026-09-17T10:45:46.161445Z INFO async.embed queue.fill 
2026-09-17T10:45:46.161491Z INFO async.embed queue.fill 
2026-09-17T10:45:46.161537Z INFO async.embed queue.fill 
2026-09-17T10:45:46.161583Z INFO async.embed queue.fill 
2026-09-17T10:45:46.161631Z INFO async.embed queue.fill 
2026-09-17T10:45:46.161679Z INFO async.embed queue.fill 
2026-09-17T10:45:46.161725Z INFO async.embed queue.fill 
2026-09-17T10:45:46.161772Z INFO async.embed queue.fill 
2026-09-17T10:45:46.161818Z INFO async.embed queue.fill 
2026-09-17T10:45:46.161865Z INFO async.embed queue.fill 
2026-09-17T10:45:46.161911Z INFO async.embed queue.fill 
2026-09-17T10:45:46.161958Z INFO async.embed queue.fill 
2026-09-17T10:45:46.162006Z INFO async.embed queue.fill 
2026-09-17T10:45:46.162053Z INFO async.embed queue.fill 
2026-09-17T10:45:46.1621Z INFO async.embed queue.fill 
2026-09-17T10:45:46.162146Z INFO async.embed queue.fill 
2026-09-17T10:45:46.162192Z INFO async.embed queue.fill 
2026-09-17T10:45:46.162237Z INFO async.embed queue.fill 
2026-09-17T10:45:46.162284Z INFO async.embed queue.fill 
2026-09-17T10:45:46.16233Z INFO async.embed queue.fill 
2026-09-17T10:45:46.162375Z INFO async.embed queue.fill 
2026-09-17T10:45:46.162422Z INFO async.embed queue.fill 
2026-09-17T10:45:46.162467Z INFO async.embed queue.fill 
2026-09-17T10:45:46.162513Z INFO async.embed queue.fill 
2026-09-17T10:45:46.162559Z INFO async.embed queue.fill 
2026-09-17T10:45:46.162605Z INFO async.embed queue.fill 
2026-09-17T10:45:46.162651Z INFO async.embed queue.fill 
2026-09-17T10:45:46.162697Z INFO async.embed queue.fill 
2026-09-17T10:45:46.162742Z INFO async.embed queue.fill 
2026-09-17T10:45:46.162788Z INFO async.embed queue.fill 
2026-09-17T10:45:46.162836Z INFO async.embed queue.fill 
2026-09-17T10:45:46.162882Z INFO async.embed queue.fill 
2026-09-17T10:45:46.162927Z INFO async.embed queue.fill 
2026-09-17T10:45:46.162973Z INFO async.embed queue.fill 
2026-09-17T10:45:46.163018Z INFO async.embed queue.fill 
2026-09-17T10:45:46.163064Z INFO async.embed queue.fill 
2026-09-17T10:45:46.163113Z INFO async.embed queue.fill 
2026-09-17T10:45:46.163158Z INFO async.embed queue.fill 
2026-09-17T10:45:46.163204Z INFO async.embed queue.fill 
2026-09-17T10:45:46.16325Z INFO async.embed queue.fill 
2026-09-17T10:45:46.163296Z INFO async.embed queue.fill 
2026-09-17T10:45:46.163341Z INFO async.embed queue.fill 
2026-09-17T10:45:46.163387Z INFO async.embed queue.fill 
2026-09-17T10:45:46.163433Z INFO async.embed queue.fill 
2026-09-17T10:45:46.163479Z INFO async.embed queue.fill 
2026-09-17T10:45:46.163524Z INFO async.embed queue.fill 
2026-09-17T10:45:46.16357Z INFO async.embed queue.fill 
2026-09-17T10:45:46.163615Z INFO async.embed queue.fill 
2026-09-17T10:45:46.163661Z INFO async.embed queue.fill 
2026-09-17T10:45:46.163718Z INFO async.embed queue.fill 
2026-09-17T10:45:46.163767Z INFO async.embed queue.fill 
2026-09-17T10:45:46.163823Z INFO async.embed queue.fill 
2026-09-17T10:45:46.163875Z INFO async.embed queue.fill 
2026-09-17T10:45:46.163921Z INFO async.embed queue.fill 
2026-09-17T10:45:46.163966Z INFO async.embed queue.fill 
2026-09-17T10:45:46.164014Z INFO async.embed queue.fill 
2026-09-17T10:45:46.16406Z INFO async.embed queue.fill 
2026-09-17T10:45:46.164105Z INFO async.embed queue.fill 
2026-09-17T10:45:46.164151Z INFO async.embed queue.fill 
2026-09-17T10:45:46.164196Z INFO async.embed queue.fill 
2026-09-17T10:45:46.164242Z INFO async.embed queue.fill 
2026-09-17T10:45:46.164288Z INFO async.embed queue.fill 
2026-09-17T10:45:46.164334Z INFO async.embed queue.fill 
2026-09-17T10:45:46.164379Z INFO async.embed queue.fill 
2026-09-17T10:45:46.164425Z INFO async.embed queue.fill 
2026-09-17T10:45:46.164471Z INFO async.embed queue.fill 
2026-09-17T10:45:46.164516Z INFO async.embed queue.fill 
2026-09-17T10:45:46.164563Z INFO async.embed queue.fill 
2026-09-17T10:45:46.164608Z INFO async.embed queue.fill 
2026-09-17T10:45:46.164654Z INFO async.embed queue.fill 
2026-09-17T10:45:46.164699Z INFO async.embed queue.fill 
2026-09-17T10:45:46.164745Z INFO async.embed queue.fill 
2026-09-17T10:45:46.164791Z INFO async.embed queue.fill 
2026-09-17T10:45:46.164836Z INFO async.embed queue.fill 
2026-09-17T10:45:46.164882Z INFO async.embed queue.fill 
2026-09-17T10:45:46.164927Z INFO async.embed queue.fill 
2026-09-17T10:45:46.164973Z INFO async.embed queue.fill 
2026-09-17T10:45:46.165019Z INFO async.embed queue.fill 
2026-09-17T10:45:46.165088Z INFO async.embed queue.fill 
2026-09-17T10:45:46.165135Z INFO async.embed queue.fill 
2026-09-17T10:45:46.165183Z INFO async.embed queue.fill 
2026-09-17T10:45:46.165229Z INFO async.embed queue.fill 
2026-09-17T10:45:46.165275Z INFO async.embed queue.fill 
2026-09-17T10:45:46.165321Z INFO async.embed queue.fill 
2026-09-17T10:45:46.165367Z INFO async.embed queue.fill 
2026-09-17T10:45:46.165412Z INFO async.embed queue.fill 
2026-09-17T10:45:46.165458Z INFO async.embed queue.fill 
2026-09-17T10:45:46.165503Z INFO async.embed queue.fill 
2026-09-17T10:45:46.165549Z INFO async.embed queue.fill 
2026-09-17T10:45:46.165595Z INFO async.embed queue.fill 
2026-09-17T10:45:46.16564Z INFO async.embed queue.fill 
2026-09-17T10:45:46.165686Z INFO async.embed queue.fill 
2026-09-17T10:45:46.165732Z INFO async.embed queue.fill 
2026-09-17T10:45:46.165777Z INFO async.embed queue.fill 
2026-09-17T10:45:46.165823Z INFO async.embed queue.fill 
2026-09-17T10:45:46.165868Z INFO async.embed queue.fill 
2026-09-17T10:45:46.165914Z INFO async.embed queue.fill 
2026-09-17T10:45:46.165959Z INFO async.embed queue.fill 
2026-09-17T10:45:46.166005Z INFO async.embed queue.fill 
2026-09-17T10:45:46.166051Z INFO async.embed queue.fill 
2026-09-17T10:45:46.166096Z INFO async.embed queue.fill 
2026-09-17T10:45:46.166142Z INFO async.embed queue.fill 
2026-09-17T10:45:46.166187Z INFO async.embed queue.fill 
2026-09-17T10:45:46.166233Z INFO async.embed queue.fill 
2026-09-17T10:45:46.166279Z INFO async.embed queue.fill 
2026-09-17T10:45:46.166326Z INFO async.embed queue.fill 
2026-09-17T10:45:46.166372Z INFO async.embed queue.fill 
2026-09-17T10:45:46.166417Z INFO async.embed queue.fill 
2026-09-17T10:45:46.166463Z INFO async.embed queue.fill 
2026-09-17T10:45:46.166508Z INFO async.embed queue.fill 
2026-09-17T10:45:46.166553Z INFO async.embed queue.fill 
2026-09-17T10:45:46.166599Z INFO async.embed queue.fill 
2026-09-17T10:45:46.166644Z INFO async.embed queue.fill 
2026-09-17T10:45:46.166689Z INFO async.embed queue.fill 
2026-09-17T10:45:46.166735Z INFO async.embed queue.fill 
2026-09-17T10:45:46.16678Z INFO async.embed queue.fill 
2026-09-17T10:45:46.166826Z INFO async.embed queue.fill 
2026-09-17T10:45:46.166872Z INFO async.embed queue.fill 
2026-09-17T10:45:46.166917Z INFO async.embed queue.fill 
2026-09-17T10:45:46.166962Z INFO async.embed queue.fill 
2026-09-17T10:45:46.167008Z INFO async.embed queue.fill 
2026-09-17T10:45:46.167053Z INFO async.embed queue.fill 
2026-09-17T10:45:46.167099Z INFO async.embed queue.fill 
2026-09-17T10:45:46.167144Z INFO async.embed queue.fill 
2026-09-17T10:45:46.167189Z INFO async.embed queue.fill 
2026-09-17T10:45:46.167235Z INFO async.embed queue.fill 
2026-09-17T10:45:46.16728Z INFO async.embed queue.fill 
2026-09-17T10:45:46.167331Z INFO async.embed queue.fill 
2026-09-17T10:45:46.167377Z INFO async.embed queue.fill 
2026-09-17T10:45:46.167422Z INFO async.embed queue.fill 
2026-09-17T10:45:46.16747Z INFO async.embed queue.fill 
2026-09-17T10:45:46.167515Z INFO async.embed queue.fill 
2026-09-17T10:45:46.167561Z INFO async.embed queue.fill 
2026-09-17T10:45:46.167606Z INFO async.embed queue.fill 
2026-09-17T10:45:46.167652Z INFO async.embed queue.fill 
2026-09-17T10:45:46.167698Z INFO async.embed queue.fill 
2026-09-17T10:45:46.167743Z INFO async.embed queue.fill 
2026-09-17T10:45:46.167789Z INFO async.embed queue.fill 
2026-09-17T10:45:46.167834Z INFO async.embed queue.fill 
2026-09-17T10:45:46.16788Z INFO async.embed queue.fill 
2026-09-17T10:45:46.167926Z INFO async.embed queue.fill 
2026-09-17T10:45:46.167972Z INFO async.embed queue.fill 
2026-09-17T10:45:46.168018Z INFO async.embed queue.fill 
2026-09-17T10:45:46.168063Z INFO async.embed queue.fill 
2026-09-17T10:45:46.168108Z INFO async.embed queue.fill 
2026-09-17T10:45:46.168154Z INFO async.embed queue.fill 
2026-09-17T10:45:46.168199Z INFO async.embed queue.fill 
2026-09-17T10:45:46.168245Z INFO async.embed queue.fill 
2026-09-17T10:45:46.16829Z INFO async.embed queue.fill 
2026-09-17T10:45:46.168336Z INFO async.embed queue.fill 
2026-09-17T10:45:46.168381Z INFO async.embed queue.fill 
2026-09-17T10:45:46.168427Z INFO async.embed queue.fill 
2026-09-17T10:45:46.168472Z INFO async.embed queue.fill 
2026-09-17T10:45:46.168517Z INFO async.embed queue.fill 
2026-09-17T10:45:46.168563Z INFO async.embed queue.fill 
2026-09-17T10:45:46.16861Z INFO async.embed queue.fill 
2026-09-17T10:45:46.168655Z INFO async.embed queue.fill 
2026-09-17T10:45:46.168701Z INFO async.embed queue.fill 
2026-09-17T10:45:46.168746Z INFO async.embed queue.fill 
2026-09-17T10:45:46.168791Z INFO async.embed queue.fill 
2026-09-17T10:45:46.168837Z INFO async.embed queue.fill 
2026-09-17T10:45:46.168882Z INFO async.embed queue.fill 
2026-09-17T10:45:46.168927Z INFO async.embed queue.fill 
2026-09-17T10:45:46.168972Z INFO async.embed queue.fill 
2026-09-17T10:45:46.169018Z INFO async.embed queue.fill 
2026-09-17T10:45:46.169083Z INFO async.embed queue.fill 
2026-09-17T10:45:46.16913Z INFO async.embed queue.fill 
2026-09-17T10:45:46.169176Z INFO async.embed queue.fill 
2026-09-17T10:45:46.169222Z INFO async.embed queue.fill 
2026-09-17T10:45:46.169268Z INFO async.embed queue.fill 
2026-09-17T10:45:46.169314Z INFO async.embed queue.fill 
2026-09-17T10:45:46.16936Z INFO async.embed queue.fill 
2026-09-17T10:45:46.169406Z INFO async.embed queue.fill 
2026-09-17T10:45:46.169452Z INFO async.embed queue.fill 
2026-09-17T10:45:46.1695Z INFO async.embed queue.fill 
2026-09-17T10:45:46.169546Z INFO async.embed queue.fill 
2026-09-17T10:45:46.169592Z INFO async.embed queue.fill 
2026-09-17T10:45:46.169637Z INFO async.embed queue.fill 
2026-09-17T10:45:46.169683Z INFO async.embed queue.fill 
2026-09-17T10:45:46.169734Z INFO async.embed queue.fill 
2026-09-17T10:45:46.169781Z INFO async.embed queue.fill 
2026-09-17T10:45:46.169828Z INFO async.embed queue.fill 
2026-09-17T10:45:46.169878Z INFO async.embed queue.fill 
2026-09-17T10:45:46.169933Z INFO async.embed queue.fill 
2026-09-17T10:45:46.169989Z INFO async.embed queue.fill 
2026-09-17T10:45:46.170038Z INFO async.embed queue.fill 
2026-09-17T10:45:46.170085Z INFO async.embed queue.fill 
2026-09-17T10:45:46.170131Z INFO async.embed queue.fill 
2026-09-17T10:45:46.170176Z INFO async.embed queue.fill 
2026-09-17T10:45:46.170222Z INFO async.embed queue.fill 
2026-09-17T10:45:46.170268Z INFO async.embed queue.fill 
2026-09-17T10:45:46.170318Z INFO async.embed queue.fill 
2026-09-17T10:45:46.170364Z INFO async.embed queue.fill 
2026-09-17T10:45:46.170409Z INFO async.embed queue.fill 
2026-09-17T10:45:46.170455Z INFO async.embed queue.fill 
2026-09-17T10:45:46.170501Z INFO async.embed queue.fill 
2026-09-17T10:45:46.170546Z INFO async.embed queue.fill 
2026-09-17T10:45:46.170592Z INFO async.embed queue.fill 
2026-09-17T10:45:46.170638Z INFO async.embed queue.fill 
2026-09-17T10:45:46.170683Z INFO async.embed queue.fill 
2026-09-17T10:45:46.170729Z INFO async.embed queue.fill 
2026-09-17T10:45:46.170774Z INFO async.embed queue.fill 
2026-09-17T10:45:46.17082Z INFO async.embed queue.fill 
2026-09-17T10:45:46.170865Z INFO async.embed queue.fill 
2026-09-17T10:45:46.170911Z INFO async.embed queue.fill 
2026-09-17T10:45:46.170962Z INFO async.embed queue.fill 
2026-09-17T10:45:46.171008Z INFO async.embed queue.fill 
2026-09-17T10:45:46.171054Z INFO async.embed queue.fill 
2026-09-17T10:45:46.1711Z INFO async.embed queue.fill 
2026-09-17T10:45:46.171145Z INFO async.embed queue.fill 
2026-09-17T10:45:46.171191Z INFO async.embed queue.fill 
2026-09-17T10:45:46.171236Z INFO async.embed queue.fill 
2026-09-17T10:45:46.171282Z INFO async.embed queue.fill 
2026-09-17T10:45:46.171331Z INFO async.embed queue.fill 
2026-09-17T10:45:46.171385Z INFO async.embed queue.fill 
2026-09-17T10:45:46.171431Z INFO async.embed queue.fill 
2026-09-17T10:45:46.171477Z INFO async.embed queue.fill 
2026-09-17T10:45:46.171523Z INFO async.embed queue.fill 
2026-09-17T10:45:46.171569Z INFO async.embed queue.fill 
2026-09-17T10:45:46.171614Z INFO async.embed queue.fill 
2026-09-17T10:45:46.171659Z INFO async.embed queue.fill 
2026-09-17T10:45:46.171705Z INFO async.embed queue.fill 
2026-09-17T10:45:46.17175Z INFO async.embed queue.fill 
2026-09-17T10:45:46.171796Z INFO async.embed queue.fill 
2026-09-17T10:45:46.171841Z INFO async.embed queue.fill 
2026-09-17T10:45:46.171887Z INFO async.embed queue.fill 
2026-09-17T10:45:46.171932Z INFO async.embed queue.fill 
2026-09-17T10:45:46.171978Z INFO async.embed queue.fill 
2026-09-17T10:45:46.172023Z INFO async.embed queue.fill 
2026-09-17T10:45:46.172069Z INFO async.embed queue.fill 
2026-09-17T10:45:46.172117Z INFO async.embed queue.fill 
2026-09-17T10:45:46.172163Z INFO async.embed queue.fill 
2026-09-17T10:45:46.172208Z INFO async.embed queue.fill 
2026-09-17T10:45:46.172254Z INFO async.embed queue.fill 
2026-09-17T10:45:46.172299Z INFO async.embed queue.fill 
2026-09-17T10:45:46.172345Z INFO async.embed queue.fill 
2026-09-17T10:45:46.172391Z INFO async.embed queue.fill 
2026-09-17T10:45:46.172436Z INFO async.embed queue.fill 
2026-09-17T10:45:46.172482Z INFO async.embed queue.fill 
2026-09-17T10:45:46.172527Z INFO async.embed queue.fill 
2026-09-17T10:45:46.172573Z INFO async.embed queue.fill 
2026-09-17T10:45:46.172619Z INFO async.embed queue.fill 
2026-09-17T10:45:46.172665Z INFO async.embed queue.fill 
2026-09-17T10:45:46.17271Z INFO async.embed queue.fill 
2026-09-17T10:45:46.172756Z INFO async.embed queue.fill 
2026-09-17T10:45:46.172801Z INFO async.embed queue.fill 
2026-09-17T10:45:46.172847Z INFO async.embed queue.fill 
2026-09-17T10:45:46.172892Z INFO async.embed queue.fill 
2026-09-17T10:45:46.172938Z INFO async.embed queue.fill 
2026-09-17T10:45:46.172983Z INFO async.embed queue.fill 
2026-09-17T10:45:46.173029Z INFO async.embed queue.fill 
2026-09-17T10:45:46.1731Z INFO async.embed queue.fill 
2026-09-17T10:45:46.173146Z INFO async.embed queue.fill 
2026-09-17T10:45:46.173193Z INFO async.embed queue.fill 
2026-09-17T10:45:46.173238Z INFO async.embed queue.fill 
2026-09-17T10:45:46.173286Z INFO async.embed queue.fill 
2026-09-17T10:45:46.173332Z INFO async.embed queue.fill 
2026-09-17T10:45:46.173378Z INFO async.embed queue.fill 
2026-09-17T10:45:46.173424Z INFO async.embed queue.fill 
2026-09-17T10:45:46.17347Z INFO async.embed queue.fill 
2026-09-17T10:45:46.173516Z INFO async.embed queue.fill 
2026-09-17T10:45:46.173562Z INFO async.embed queue.fill 
2026-09-17T10:45:46.173608Z INFO async.embed queue.fill 
2026-09-17T10:45:46.173653Z INFO async.embed queue.fill 
2026-09-17T10:45:46.173699Z INFO async.embed queue.fill 
2026-09-17T10:45:46.173745Z INFO async.embed queue.fill 
2026-09-17T10:45:46.173791Z INFO async.embed queue.fill 
2026-09-17T10:45:46.173836Z INFO async.embed queue.fill 
2026-09-17T10:45:46.173882Z INFO async.embed queue.fill 
2026-09-17T10:45:46.173928Z INFO async.embed queue.fill 
2026-09-17T10:45:46.173974Z INFO async.embed queue.fill 
2026-09-17T10:45:46.174019Z INFO async.embed queue.fill 
2026-09-17T10:45:46.174065Z INFO async.embed queue.fill 
2026-09-17T10:45:46.174111Z INFO async.embed queue.fill 
2026-09-17T10:45:46.174157Z INFO async.embed queue.fill 
2026-09-17T10:45:46.174202Z INFO async.embed queue.fill 
2026-09-17T10:45:46.174248Z INFO async.embed queue.fill 
2026-09-17T10:45:46.174302Z INFO async.embed queue.fill 
2026-09-17T10:45:46.174353Z INFO async.embed queue.fill 
2026-09-17T10:45:46.174399Z INFO async.embed queue.fill 
2026-09-17T10:45:46.174446Z INFO async.embed queue.fill 
2026-09-17T10:45:46.174492Z INFO async.embed queue.fill 
2026-09-17T10:45:46.174538Z INFO async.embed queue.fill 
2026-09-17T10:45:46.174584Z INFO async.embed queue.fill 
2026-09-17T10:45:46.174629Z INFO async.embed queue.fill 
2026-09-17T10:45:46.174675Z INFO async.embed queue.fill 
2026-09-17T10:45:46.17472Z INFO async.embed queue.fill 
2026-09-17T10:45:46.174771Z INFO async.embed queue.fill 
2026-09-17T10:45:46.174817Z INFO async.embed queue.fill 
2026-09-17T10:45:46.174863Z INFO async.embed queue.fill 
2026-09-17T10:45:46.174908Z INFO async.embed queue.fill 
2026-09-17T10:45:46.174954Z INFO async.embed queue.fill 
2026-09-17T10:45:46.174999Z INFO async.embed queue.fill 
2026-09-17T10:45:46.175045Z INFO async.embed queue.fill 
2026-09-17T10:45:46.175091Z INFO async.embed queue.fill 
2026-09-17T10:45:46.175136Z INFO async.embed queue.fill 
2026-09-17T10:45:46.175184Z INFO async.embed queue.fill 
2026-09-17T10:45:46.17523Z INFO async.embed queue.fill 
2026-09-17T10:45:46.175275Z INFO async.embed queue.fill 
2026-09-17T10:45:46.175321Z INFO async.embed queue.fill 
2026-09-17T10:45:46.175367Z INFO async.embed queue.fill 
2026-09-17T10:45:46.175412Z INFO async.embed queue.fill 
2026-09-17T10:45:46.175458Z INFO async.embed queue.fill 
2026-09-17T10:45:46.175503Z INFO async.embed queue.fill 
2026-09-17T10:45:46.175549Z INFO async.embed queue.fill 
2026-09-17T10:45:46.175597Z INFO async.embed queue.fill 
2026-09-17T10:45:46.175642Z INFO async.embed queue.fill 
2026-09-17T10:45:46.175688Z INFO async.embed queue.fill 
2026-09-17T10:45:46.175734Z INFO async.embed queue.fill 
2026-09-17T10:45:46.17578Z INFO async.embed queue.fill 
2026-09-17T10:45:46.175825Z INFO async.embed queue.fill 
2026-09-17T10:45:46.175871Z INFO async.embed queue.fill 
2026-09-17T10:45:46.175917Z INFO async.embed queue.fill 
2026-09-17T10:45:46.175963Z INFO async.embed queue.fill 
2026-09-17T10:45:46.176009Z INFO async.embed queue.fill 
2026-09-17T10:45:46.176055Z INFO async.embed queue.fill 
2026-09-17T10:45:46.176101Z INFO async.embed queue.fill 
2026-09-17T10:45:46.176149Z INFO async.embed queue.fill 
2026-09-17T10:45:46.176195Z INFO async.embed queue.fill 
2026-09-17T10:45:46.17624Z INFO async.embed queue.fill 
2026-09-17T10:45:46.176286Z INFO async.embed queue.fill 
2026-09-17T10:45:46.176332Z INFO async.embed queue.fill 
2026-09-17T10:45:46.176378Z INFO async.embed queue.fill 
2026-09-17T10:45:46.176423Z INFO async.embed queue.fill 
2026-09-17T10:45:46.176469Z INFO async.embed queue.fill 
2026-09-17T10:45:46.176515Z INFO async.embed queue.fill 
2026-09-17T10:45:46.176561Z INFO async.embed queue.fill 
2026-09-17T10:45:46.176607Z INFO async.embed queue.fill 
2026-09-17T10:45:46.176652Z INFO async.embed queue.fill 
2026-09-17T10:45:46.176698Z INFO async.embed queue.fill 
2026-09-17T10:45:46.176746Z INFO async.embed queue.fill 
2026-09-17T10:45:46.176792Z INFO async.embed queue.fill 
2026-09-17T10:45:46.176837Z INFO async.embed queue.fill 
2026-09-17T10:45:46.176884Z INFO async.embed queue.fill 
2026-09-17T10:45:46.176929Z INFO async.embed queue.fill 
2026-09-17T10:45:46.176982Z INFO async.embed queue.fill 
2026-09-17T10:45:46.177033Z INFO async.embed queue.fill 
2026-09-17T10:45:46.177104Z INFO async.embed queue.fill 
2026-09-17T10:45:46.177155Z INFO async.embed queue.fill 
2026-09-17T10:45:46.177201Z INFO async.embed queue.fill 
2026-09-17T10:45:46.177247Z INFO async.embed queue.fill 
2026-09-17T10:45:46.177293Z INFO async.embed queue.fill 
2026-09-17T10:45:46.177339Z INFO async.embed queue.fill 
2026-09-17T10:45:46.177385Z INFO async.embed queue.fill 
2026-09-17T10:45:46.177431Z INFO async.embed queue.fill 
2026-09-17T10:45:46.177476Z INFO async.embed queue.fill 
2026-09-17T10:45:46.177522Z INFO async.embed queue.fill 
2026-09-17T10:45:46.177568Z INFO async.embed queue.fill 
2026-09-17T10:45:46.177614Z INFO async.embed queue.fill 
2026-09-17T10:45:46.177659Z INFO async.embed queue.fill 
2026-09-17T10:45:46.177705Z INFO async.embed queue.fill 
2026-09-17T10:45:46.177751Z INFO async.embed queue.fill 
2026-09-17T10:45:46.177797Z INFO async.embed queue.fill 
2026-09-17T10:45:46.218716Z INFO async.embed timeout.hold 
2026-09-17T10:45:46.229858Z INFO async.embed loop.hold 
2026-09-17T10:45:46.232349Z INFO async.embed capacity.hold 
2026-09-17T10:45:46.23867Z INFO async.embed capacity.hold 
2026-09-17T10:45:46.245695Z INFO async.embed capacity.hold 
2026-09-17T10:45:46.251338Z INFO async.embed capacity.hold 
2026-09-17T10:45:46.256563Z INFO async.embed capacity.hold 
2026-09-17T10:45:46.265906Z INFO async.embed capacity.hold 
2026-09-17T10:45:46.271967Z INFO async.embed capacity.hold 
2026-09-17T10:45:46.281311Z INFO async.embed capacity.hold 
2026-09-17T10:45:46.287372Z INFO async.embed capacity.hold 
2026-09-17T10:45:46.293059Z INFO async.embed capacity.hold 
2026-09-17T10:45:46.299686Z INFO async.embed capacity.hold 
2026-09-17T10:45:46.303699Z INFO async.embed capacity.hold 
2026-09-17T10:45:46.313046Z INFO async.embed capacity.hold 
2026-09-17T10:45:46.320835Z INFO async.embed capacity.hold 
2026-09-17T10:45:46.325539Z INFO async.embed capacity.hold 
2026-09-17T10:45:46.328151Z INFO async.embed capacity.hold 
2026-09-17T10:45:46.337557Z INFO async.embed capacity.hold 
2026-09-17T10:45:46.346931Z INFO async.embed capacity.hold 
2026-09-17T10:45:46.356376Z INFO async.embed capacity.hold 
2026-09-17T10:45:46.360713Z INFO async.embed capacity.hold 
2026-09-17T10:45:46.370122Z INFO async.embed capacity.hold 
2026-09-17T10:45:46.379563Z INFO async.embed capacity.hold 
2026-09-17T10:45:46.385969Z INFO async.embed capacity.hold 
2026-09-17T10:45:46.395429Z INFO async.embed capacity.hold 
2026-09-17T10:45:46.404243Z INFO async.embed capacity.hold 
2026-09-17T10:45:46.411177Z INFO async.embed capacity.hold 
2026-09-17T10:45:46.419392Z INFO async.embed capacity.hold 
2026-09-17T10:45:46.427704Z INFO async.embed capacity.hold 
2026-09-17T10:45:46.429852Z INFO async.embed capacity.hold 
2026-09-17T10:45:46.437506Z INFO async.embed capacity.hold 
2026-09-17T10:45:46.442911Z INFO async.embed capacity.hold 
2026-09-17T10:45:46.45034Z INFO async.embed capacity.hold 
2026-09-17T10:45:46.453476Z INFO async.embed capacity.hold 
2026-09-17T10:45:46.459433Z INFO async.embed capacity.hold 
2026-09-17T10:45:46.467824Z INFO async.embed capacity.hold 
2026-09-17T10:45:46.475777Z INFO async.embed capacity.hold 
2026-09-17T10:45:46.482868Z INFO async.embed capacity.hold 
2026-09-17T10:45:46.492407Z INFO async.embed capacity.hold 
2026-09-17T10:45:46.500898Z INFO async.embed capacity.hold 
2026-09-17T10:45:46.506333Z INFO async.embed capacity.hold 
2026-09-17T10:45:46.512324Z INFO async.embed capacity.hold 
2026-09-17T10:45:46.519314Z INFO async.embed capacity.hold 
2026-09-17T10:45:46.526716Z INFO async.embed capacity.hold 
2026-09-17T10:45:46.534123Z INFO async.embed capacity.hold 
2026-09-17T10:45:46.542022Z INFO async.embed capacity.hold 
2026-09-17T10:45:46.547539Z INFO async.embed capacity.hold 
2026-09-17T10:45:46.554027Z INFO async.embed capacity.hold 
2026-09-17T10:45:46.562162Z INFO async.embed capacity.hold 
2026-09-17T10:45:46.570487Z INFO async.embed capacity.hold 
2026-09-17T10:45:46.580421Z INFO async.embed capacity.hold 
2026-09-17T10:45:46.590553Z INFO async.embed capacity.hold 
2026-09-17T10:45:46.593206Z INFO async.embed capacity.hold 
2026-09-17T10:45:46.603322Z INFO async.embed capacity.hold 
2026-09-17T10:45:46.607715Z INFO async.embed capacity.hold 
2026-09-17T10:45:46.612496Z INFO async.embed capacity.hold 
2026-09-17T10:45:46.618289Z INFO async.embed capacity.hold 
2026-09-17T10:45:46.62694Z INFO async.embed capacity.hold 
2026-09-17T10:45:46.634773Z INFO async.embed capacity.hold 
2026-09-17T10:45:46.644897Z INFO async.embed capacity.hold 
2026-09-17T10:45:46.652326Z INFO async.embed capacity.hold 
2026-09-17T10:45:46.662412Z INFO async.embed capacity.hold 
2026-09-17T10:45:46.665397Z INFO async.embed capacity.hold 
2026-09-17T10:45:46.671133Z INFO async.embed capacity.hold 
2026-09-17T10:45:46.678622Z INFO async.embed capacity.hold 
2026-09-17T10:45:46.700689Z INFO async.embed shutdown.held 
2026-09-17T10:45:46.722792Z INFO async.embed held 
2026-09-17T10:45:46.737784Z INFO async.embed thread.31 
2026-09-17T10:45:46.738012Z INFO async.embed thread.1 
2026-09-17T10:45:46.738133Z INFO async.embed thread.2 
2026-09-17T10:45:46.738218Z INFO async.embed thread.4 
2026-09-17T10:45:46.738304Z INFO async.embed thread.5 
2026-09-17T10:45:46.738383Z INFO async.embed thread.6 
2026-09-17T10:45:46.73846Z INFO async.embed thread.7 
2026-09-17T10:45:46.738534Z INFO async.embed thread.8 
2026-09-17T10:45:46.738608Z INFO async.embed thread.10 
2026-09-17T10:45:46.738681Z INFO async.embed thread.3 
2026-09-17T10:45:46.738757Z INFO async.embed thread.9 
2026-09-17T10:45:46.73884Z INFO async.embed thread.12 
2026-09-17T10:45:46.738917Z INFO async.embed thread.13 
2026-09-17T10:45:46.738995Z INFO async.embed thread.14 
2026-09-17T10:45:46.739072Z INFO async.embed thread.15 
2026-09-17T10:45:46.739151Z INFO async.embed thread.16 
2026-09-17T10:45:46.739288Z INFO async.embed thread.17 
2026-09-17T10:45:46.739364Z INFO async.embed thread.11 
2026-09-17T10:45:46.739442Z INFO async.embed thread.19 
2026-09-17T10:45:46.739577Z INFO async.embed thread.18 
2026-09-17T10:45:46.739656Z INFO async.embed thread.20 
2026-09-17T10:45:46.73974Z INFO async.embed thread.24 
2026-09-17T10:45:46.739818Z INFO async.embed thread.23 
2026-09-17T10:45:46.739903Z INFO async.embed thread.25 
2026-09-17T10:45:46.739981Z INFO async.embed thread.21 
2026-09-17T10:45:46.740064Z INFO async.embed thread.22 
2026-09-17T10:45:46.740146Z INFO async.embed thread.26 
2026-09-17T10:45:46.740223Z INFO async.embed thread.27 
2026-09-17T10:45:46.740299Z INFO async.embed thread.28 
2026-09-17T10:45:46.740377Z INFO async.embed thread.29 
2026-09-17T10:45:46.740455Z INFO async.embed thread.30 
2026-09-17T10:45:46.740533Z INFO async.embed thread.0 
2026-09-17T10:45:46.74629Z INFO async.embed task.0 
2026-09-17T10:45:46.74645Z INFO async.embed task.1 
2026-09-17T10:45:46.746589Z INFO async.embed task.2 
2026-09-17T10:45:46.746721Z INFO async.embed task.3 
2026-09-17T10:45:46.746852Z INFO async.embed task.4 
2026-09-17T10:45:46.746981Z INFO async.embed task.5 
2026-09-17T10:45:46.747109Z INFO async.embed task.6 
2026-09-17T10:45:46.747236Z INFO async.embed task.7 
2026-09-17T10:45:46.747362Z INFO async.embed task.8 
2026-09-17T10:45:46.747488Z INFO async.embed task.9 
2026-09-17T10:45:46.747614Z INFO async.embed task.10 
2026-09-17T10:45:46.747742Z INFO async.embed task.11 
2026-09-17T10:45:46.747867Z INFO async.embed task.12 
2026-09-17T10:45:46.747992Z INFO async.embed task.13 
2026-09-17T10:45:46.748116Z INFO async.embed task.14 
2026-09-17T10:45:46.748241Z INFO async.embed task.15 
2026-09-17T10:45:46.748367Z INFO async.embed task.16 
2026-09-17T10:45:46.748495Z INFO async.embed task.17 
2026-09-17T10:45:46.74862Z INFO async.embed task.18 
2026-09-17T10:45:46.748748Z INFO async.embed task.19 
2026-09-17T10:45:46.748874Z INFO async.embed task.20 
2026-09-17T10:45:46.749007Z INFO async.embed task.21 
2026-09-17T10:45:46.749133Z INFO async.embed task.22 
2026-09-17T10:45:46.749258Z INFO async.embed task.23 
2026-09-17T10:45:46.749382Z INFO async.embed task.24 
2026-09-17T10:45:46.749509Z INFO async.embed task.25 
2026-09-17T10:45:46.749637Z INFO async.embed task.26 
2026-09-17T10:45:46.749761Z INFO async.embed task.27 
2026-09-17T10:45:46.749886Z INFO async.embed task.28 
2026-09-17T10:45:46.750011Z INFO async.embed task.29 
2026-09-17T10:45:46.750135Z INFO async.embed task.30 
2026-09-17T10:45:46.750265Z INFO async.embed task.31 
2026-09-17T10:45:46.750551Z INFO async.embed queue.fill 
2026-09-17T10:45:46.750654Z INFO async.embed queue.fill 
2026-09-17T10:45:46.75075Z INFO async.embed queue.fill 
2026-09-17T10:45:46.750844Z INFO async.embed queue.fill 
2026-09-17T10:45:46.750936Z INFO async.embed queue.fill 
2026-09-17T10:45:46.751022Z INFO async.embed queue.fill 
2026-09-17T10:45:46.751105Z INFO async.embed queue.fill 
2026-09-17T10:45:46.751187Z INFO async.embed queue.fill 
2026-09-17T10:45:46.751268Z INFO async.embed queue.fill 
2026-09-17T10:45:46.751352Z INFO async.embed queue.fill 
2026-09-17T10:45:46.751433Z INFO async.embed queue.fill 
2026-09-17T10:45:46.751514Z INFO async.embed queue.fill 
2026-09-17T10:45:46.751596Z INFO async.embed queue.fill 
2026-09-17T10:45:46.751677Z INFO async.embed queue.fill 
2026-09-17T10:45:46.75176Z INFO async.embed queue.fill 
2026-09-17T10:45:46.751842Z INFO async.embed queue.fill 
2026-09-17T10:45:46.751924Z INFO async.embed queue.fill 
2026-09-17T10:45:46.752005Z INFO async.embed queue.fill 
2026-09-17T10:45:46.752087Z INFO async.embed queue.fill 
2026-09-17T10:45:46.752168Z INFO async.embed queue.fill 
2026-09-17T10:45:46.75225Z INFO async.embed queue.fill 
2026-09-17T10:45:46.752334Z INFO async.embed queue.fill 
2026-09-17T10:45:46.752416Z INFO async.embed queue.fill 
2026-09-17T10:45:46.752497Z INFO async.embed queue.fill 
2026-09-17T10:45:46.752578Z INFO async.embed queue.fill 
2026-09-17T10:45:46.75266Z INFO async.embed queue.fill 
2026-09-17T10:45:46.752741Z INFO async.embed queue.fill 
2026-09-17T10:45:46.752823Z INFO async.embed queue.fill 
2026-09-17T10:45:46.752905Z INFO async.embed queue.fill 
2026-09-17T10:45:46.752986Z INFO async.embed queue.fill 
2026-09-17T10:45:46.753068Z INFO async.embed queue.fill 
2026-09-17T10:45:46.75315Z INFO async.embed queue.fill 
2026-09-17T10:45:46.753232Z INFO async.embed queue.fill 
2026-09-17T10:45:46.753315Z INFO async.embed queue.fill 
2026-09-17T10:45:46.753396Z INFO async.embed queue.fill 
2026-09-17T10:45:46.753477Z INFO async.embed queue.fill 
2026-09-17T10:45:46.753558Z INFO async.embed queue.fill 
2026-09-17T10:45:46.753639Z INFO async.embed queue.fill 
2026-09-17T10:45:46.75372Z INFO async.embed queue.fill 
2026-09-17T10:45:46.753802Z INFO async.embed queue.fill 
2026-09-17T10:45:46.753883Z INFO async.embed queue.fill 
2026-09-17T10:45:46.753964Z INFO async.embed queue.fill 
2026-09-17T10:45:46.754046Z INFO async.embed queue.fill 
2026-09-17T10:45:46.754127Z INFO async.embed queue.fill 
2026-09-17T10:45:46.754209Z INFO async.embed queue.fill 
2026-09-17T10:45:46.75429Z INFO async.embed queue.fill 
2026-09-17T10:45:46.754372Z INFO async.embed queue.fill 
2026-09-17T10:45:46.754453Z INFO async.embed queue.fill 
2026-09-17T10:45:46.754539Z INFO async.embed queue.fill 
2026-09-17T10:45:46.754621Z INFO async.embed queue.fill 
2026-09-17T10:45:46.754702Z INFO async.embed queue.fill 
2026-09-17T10:45:46.754784Z INFO async.embed queue.fill 
2026-09-17T10:45:46.754865Z INFO async.embed queue.fill 
2026-09-17T10:45:46.754946Z INFO async.embed queue.fill 
2026-09-17T10:45:46.755028Z INFO async.embed queue.fill 
2026-09-17T10:45:46.755109Z INFO async.embed queue.fill 
2026-09-17T10:45:46.755193Z INFO async.embed queue.fill 
2026-09-17T10:45:46.755276Z INFO async.embed queue.fill 
2026-09-17T10:45:46.755358Z INFO async.embed queue.fill 
2026-09-17T10:45:46.75544Z INFO async.embed queue.fill 
2026-09-17T10:45:46.755522Z INFO async.embed queue.fill 
2026-09-17T10:45:46.755603Z INFO async.embed queue.fill 
2026-09-17T10:45:46.755685Z INFO async.embed queue.fill 
2026-09-17T10:45:46.755767Z INFO async.embed queue.fill 
2026-09-17T10:45:46.765679Z INFO async.embed timeout.hold 
2026-09-17T10:45:46.777142Z INFO async.embed loop.hold 
2026-09-17T10:45:46.78007Z INFO async.embed capacity.hold 
2026-09-17T10:45:46.788434Z INFO async.embed capacity.hold 
2026-09-17T10:45:46.797843Z INFO async.embed capacity.hold 
2026-09-17T10:45:46.807256Z INFO async.embed capacity.hold 
2026-09-17T10:45:46.816678Z INFO async.embed capacity.hold 
2026-09-17T10:45:46.824593Z INFO async.embed capacity.hold 
2026-09-17T10:45:46.83414Z INFO async.embed capacity.hold 
2026-09-17T10:45:46.84064Z INFO async.embed capacity.hold 
2026-09-17T10:45:46.850201Z INFO async.embed capacity.hold 
2026-09-17T10:45:46.858671Z INFO async.embed capacity.hold 
2026-09-17T10:45:46.868209Z INFO async.embed capacity.hold 
2026-09-17T10:45:46.875733Z INFO async.embed capacity.hold 
2026-09-17T10:45:46.880392Z INFO async.embed capacity.hold 
2026-09-17T10:45:46.885732Z INFO async.embed capacity.hold 
2026-09-17T10:45:46.892765Z INFO async.embed capacity.hold 
2026-09-17T10:45:46.902572Z INFO async.embed capacity.hold 
2026-09-17T10:45:46.910202Z INFO async.embed capacity.hold 
2026-09-17T10:45:46.912385Z INFO async.embed capacity.hold 
2026-09-17T10:45:46.914693Z INFO async.embed capacity.hold 
2026-09-17T10:45:46.917124Z INFO async.embed capacity.hold 
2026-09-17T10:45:46.925816Z INFO async.embed capacity.hold 
2026-09-17T10:45:46.935922Z INFO async.embed capacity.hold 
2026-09-17T10:45:46.941114Z INFO async.embed capacity.hold 
2026-09-17T10:45:46.947311Z INFO async.embed capacity.hold 
2026-09-17T10:45:46.953288Z INFO async.embed capacity.hold 
2026-09-17T10:45:46.962116Z INFO async.embed capacity.hold 
2026-09-17T10:45:46.971048Z INFO async.embed capacity.hold 
2026-09-17T10:45:46.978853Z INFO async.embed capacity.hold 
2026-09-17T10:45:46.98879Z INFO async.embed capacity.hold 
2026-09-17T10:45:46.991318Z INFO async.embed capacity.hold 
2026-09-17T10:45:46.998021Z INFO async.embed capacity.hold 
2026-09-17T10:45:47.004429Z INFO async.embed capacity.hold 
2026-09-17T10:45:47.00907Z INFO async.embed capacity.hold 
2026-09-17T10:45:47.013713Z INFO async.embed capacity.hold 
2026-09-17T10:45:47.020417Z INFO async.embed capacity.hold 
2026-09-17T10:45:47.028526Z INFO async.embed capacity.hold 
2026-09-17T10:45:47.038336Z INFO async.embed capacity.hold 
2026-09-17T10:45:47.042461Z INFO async.embed capacity.hold 
2026-09-17T10:45:47.052142Z INFO async.embed capacity.hold 
2026-09-17T10:45:47.059123Z INFO async.embed capacity.hold 
2026-09-17T10:45:47.066717Z INFO async.embed capacity.hold 
2026-09-17T10:45:47.072707Z INFO async.embed capacity.hold 
2026-09-17T10:45:47.082362Z INFO async.embed capacity.hold 
2026-09-17T10:45:47.095502Z INFO async.embed capacity.hold 
2026-09-17T10:45:47.101315Z INFO async.embed capacity.hold 
2026-09-17T10:45:47.110064Z INFO async.embed capacity.hold 
2026-09-17T10:45:47.116794Z INFO async.embed capacity.hold 
2026-09-17T10:45:47.126356Z INFO async.embed capacity.hold 
2026-09-17T10:45:47.135896Z INFO async.embed capacity.hold 
2026-09-17T10:45:47.1436Z INFO async.embed capacity.hold 
2026-09-17T10:45:47.147048Z INFO async.embed capacity.hold 
2026-09-17T10:45:47.156519Z INFO async.embed capacity.hold 
2026-09-17T10:45:47.166587Z INFO async.embed capacity.hold 
2026-09-17T10:45:47.171919Z INFO async.embed capacity.hold 
2026-09-17T10:45:47.178778Z INFO async.embed capacity.hold 
2026-09-17T10:45:47.187936Z INFO async.embed capacity.hold 
2026-09-17T10:45:47.194222Z INFO async.embed capacity.hold 
2026-09-17T10:45:47.203742Z INFO async.embed capacity.hold 
2026-09-17T10:45:47.211783Z INFO async.embed capacity.hold 
2026-09-17T10:45:47.216794Z INFO async.embed capacity.hold 
2026-09-17T10:45:47.226761Z INFO async.embed capacity.hold 
2026-09-17T10:45:47.236741Z INFO async.embed capacity.hold 
2026-09-17T10:45:47.245814Z INFO async.embed capacity.hold 
2026-09-17T10:45:47.253209Z INFO async.embed capacity.hold 
2026-09-17T10:45:47.279992Z INFO async.embed held 
2026-09-17T10:45:47.294977Z INFO async.embed thread.31 
2026-09-17T10:45:47.29514Z INFO async.embed thread.0 
2026-09-17T10:45:47.295226Z INFO async.embed thread.2 
2026-09-17T10:45:47.295353Z INFO async.embed thread.3 
2026-09-17T10:45:47.295432Z INFO async.embed thread.4 
2026-09-17T10:45:47.295531Z INFO async.embed thread.6 
2026-09-17T10:45:47.29561Z INFO async.embed thread.8 
2026-09-17T10:45:47.295706Z INFO async.embed thread.1 
2026-09-17T10:45:47.295773Z INFO async.embed thread.9 
2026-09-17T10:45:47.295884Z INFO async.embed thread.10 
2026-09-17T10:45:47.295964Z INFO async.embed thread.11 
2026-09-17T10:45:47.296042Z INFO async.embed thread.13 
2026-09-17T10:45:47.29612Z INFO async.embed thread.15 
2026-09-17T10:45:47.296201Z INFO async.embed thread.7 
2026-09-17T10:45:47.296283Z INFO async.embed thread.17 
2026-09-17T10:45:47.296362Z INFO async.embed thread.12 
2026-09-17T10:45:47.296445Z INFO async.embed thread.18 
2026-09-17T10:45:47.296521Z INFO async.embed thread.14 
2026-09-17T10:45:47.296601Z INFO async.embed thread.20 
2026-09-17T10:45:47.296685Z INFO async.embed thread.19 
2026-09-17T10:45:47.296766Z INFO async.embed thread.26 
2026-09-17T10:45:47.296834Z INFO async.embed thread.29 
2026-09-17T10:45:47.296901Z INFO async.embed thread.30 
2026-09-17T10:45:47.296966Z INFO async.embed thread.16 
2026-09-17T10:45:47.297032Z INFO async.embed thread.5 
2026-09-17T10:45:47.297097Z INFO async.embed thread.21 
2026-09-17T10:45:47.297161Z INFO async.embed thread.22 
2026-09-17T10:45:47.297227Z INFO async.embed thread.24 
2026-09-17T10:45:47.297293Z INFO async.embed thread.28 
2026-09-17T10:45:47.297356Z INFO async.embed thread.23 
2026-09-17T10:45:47.297423Z INFO async.embed thread.27 
2026-09-17T10:45:47.29749Z INFO async.embed thread.25 
2026-09-17T10:45:47.303182Z INFO async.embed task.0 
2026-09-17T10:45:47.303346Z INFO async.embed task.1 
2026-09-17T10:45:47.303489Z INFO async.embed task.2 
2026-09-17T10:45:47.303626Z INFO async.embed task.3 
2026-09-17T10:45:47.303764Z INFO async.embed task.4 
2026-09-17T10:45:47.303899Z INFO async.embed task.5 
2026-09-17T10:45:47.304032Z INFO async.embed task.6 
2026-09-17T10:45:47.304163Z INFO async.embed task.7 
2026-09-17T10:45:47.304296Z INFO async.embed task.8 
2026-09-17T10:45:47.304427Z INFO async.embed task.9 
2026-09-17T10:45:47.30456Z INFO async.embed task.10 
2026-09-17T10:45:47.304694Z INFO async.embed task.11 
2026-09-17T10:45:47.304825Z INFO async.embed task.12 
2026-09-17T10:45:47.304956Z INFO async.embed task.13 
2026-09-17T10:45:47.305088Z INFO async.embed task.14 
2026-09-17T10:45:47.305219Z INFO async.embed task.15 
2026-09-17T10:45:47.305351Z INFO async.embed task.16 
2026-09-17T10:45:47.305482Z INFO async.embed task.17 
2026-09-17T10:45:47.305612Z INFO async.embed task.18 
2026-09-17T10:45:47.305743Z INFO async.embed task.19 
2026-09-17T10:45:47.305862Z INFO async.embed task.20 
2026-09-17T10:45:47.305977Z INFO async.embed task.21 
2026-09-17T10:45:47.306095Z INFO async.embed task.22 
2026-09-17T10:45:47.30621Z INFO async.embed task.23 
2026-09-17T10:45:47.306325Z INFO async.embed task.24 
2026-09-17T10:45:47.306439Z INFO async.embed task.25 
2026-09-17T10:45:47.306553Z INFO async.embed task.26 
2026-09-17T10:45:47.306668Z INFO async.embed task.27 
2026-09-17T10:45:47.306782Z INFO async.embed task.28 
2026-09-17T10:45:47.306897Z INFO async.embed task.29 
2026-09-17T10:45:47.307011Z INFO async.embed task.30 
2026-09-17T10:45:47.307134Z INFO async.embed task.31 
2026-09-17T10:45:47.307392Z INFO async.embed queue.fill 
2026-09-17T10:45:47.307486Z INFO async.embed queue.fill 
2026-09-17T10:45:47.307575Z INFO async.embed queue.fill 
2026-09-17T10:45:47.307662Z INFO async.embed queue.fill 
2026-09-17T10:45:47.307748Z INFO async.embed queue.fill 
2026-09-17T10:45:47.307835Z INFO async.embed queue.fill 
2026-09-17T10:45:47.307925Z INFO async.embed queue.fill 
2026-09-17T10:45:47.308011Z INFO async.embed queue.fill 
2026-09-17T10:45:47.308097Z INFO async.embed queue.fill 
2026-09-17T10:45:47.308184Z INFO async.embed queue.fill 
2026-09-17T10:45:47.308269Z INFO async.embed queue.fill 
2026-09-17T10:45:47.308354Z INFO async.embed queue.fill 
2026-09-17T10:45:47.30844Z INFO async.embed queue.fill 
2026-09-17T10:45:47.308526Z INFO async.embed queue.fill 
2026-09-17T10:45:47.308613Z INFO async.embed queue.fill 
2026-09-17T10:45:47.3087Z INFO async.embed queue.fill 
2026-09-17T10:45:47.308786Z INFO async.embed queue.fill 
2026-09-17T10:45:47.308872Z INFO async.embed queue.fill 
2026-09-17T10:45:47.308958Z INFO async.embed queue.fill 
2026-09-17T10:45:47.309043Z INFO async.embed queue.fill 
2026-09-17T10:45:47.309128Z INFO async.embed queue.fill 
2026-09-17T10:45:47.309213Z INFO async.embed queue.fill 
2026-09-17T10:45:47.309299Z INFO async.embed queue.fill 
2026-09-17T10:45:47.309385Z INFO async.embed queue.fill 
2026-09-17T10:45:47.309471Z INFO async.embed queue.fill 
2026-09-17T10:45:47.309556Z INFO async.embed queue.fill 
2026-09-17T10:45:47.309641Z INFO async.embed queue.fill 
2026-09-17T10:45:47.309728Z INFO async.embed queue.fill 
2026-09-17T10:45:47.309813Z INFO async.embed queue.fill 
2026-09-17T10:45:47.309899Z INFO async.embed queue.fill 
2026-09-17T10:45:47.309985Z INFO async.embed queue.fill 
2026-09-17T10:45:47.310071Z INFO async.embed queue.fill 
2026-09-17T10:45:47.310157Z INFO async.embed queue.fill 
2026-09-17T10:45:47.310243Z INFO async.embed queue.fill 
2026-09-17T10:45:47.310329Z INFO async.embed queue.fill 
2026-09-17T10:45:47.310414Z INFO async.embed queue.fill 
2026-09-17T10:45:47.3105Z INFO async.embed queue.fill 
2026-09-17T10:45:47.310585Z INFO async.embed queue.fill 
2026-09-17T10:45:47.310671Z INFO async.embed queue.fill 
2026-09-17T10:45:47.310757Z INFO async.embed queue.fill 
2026-09-17T10:45:47.310842Z INFO async.embed queue.fill 
2026-09-17T10:45:47.310927Z INFO async.embed queue.fill 
2026-09-17T10:45:47.311013Z INFO async.embed queue.fill 
2026-09-17T10:45:47.311099Z INFO async.embed queue.fill 
2026-09-17T10:45:47.311183Z INFO async.embed queue.fill 
2026-09-17T10:45:47.311269Z INFO async.embed queue.fill 
2026-09-17T10:45:47.311361Z INFO async.embed queue.fill 
2026-09-17T10:45:47.311446Z INFO async.embed queue.fill 
2026-09-17T10:45:47.311532Z INFO async.embed queue.fill 
2026-09-17T10:45:47.311618Z INFO async.embed queue.fill 
2026-09-17T10:45:47.311704Z INFO async.embed queue.fill 
2026-09-17T10:45:47.31179Z INFO async.embed queue.fill 
2026-09-17T10:45:47.311876Z INFO async.embed queue.fill 
2026-09-17T10:45:47.311962Z INFO async.embed queue.fill 
2026-09-17T10:45:47.312048Z INFO async.embed queue.fill 
2026-09-17T10:45:47.312134Z INFO async.embed queue.fill 
2026-09-17T10:45:47.31222Z INFO async.embed queue.fill 
2026-09-17T10:45:47.312305Z INFO async.embed queue.fill 
2026-09-17T10:45:47.312391Z INFO async.embed queue.fill 
2026-09-17T10:45:47.312477Z INFO async.embed queue.fill 
2026-09-17T10:45:47.312564Z INFO async.embed queue.fill 
2026-09-17T10:45:47.312649Z INFO async.embed queue.fill 
2026-09-17T10:45:47.312735Z INFO async.embed queue.fill 
2026-09-17T10:45:47.312821Z INFO async.embed queue.fill 
2026-09-17T10:45:47.32203Z INFO async.embed timeout.hold 
2026-09-17T10:45:47.333375Z INFO async.embed loop.hold 
2026-09-17T10:45:47.336357Z INFO async.embed capacity.hold 
2026-09-17T10:45:47.340157Z INFO async.embed capacity.hold 
2026-09-17T10:45:47.349598Z INFO async.embed capacity.hold 
2026-09-17T10:45:47.355658Z INFO async.embed capacity.hold 
2026-09-17T10:45:47.365109Z INFO async.embed capacity.hold 
2026-09-17T10:45:47.37363Z INFO async.embed capacity.hold 
2026-09-17T10:45:47.383074Z INFO async.embed capacity.hold 
2026-09-17T10:45:47.392553Z INFO async.embed capacity.hold 
2026-09-17T10:45:47.402045Z INFO async.embed capacity.hold 
2026-09-17T10:45:47.408835Z INFO async.embed capacity.hold 
2026-09-17T10:45:47.415885Z INFO async.embed capacity.hold 
2026-09-17T10:45:47.424415Z INFO async.embed capacity.hold 
2026-09-17T10:45:47.430828Z INFO async.embed capacity.hold 
2026-09-17T10:45:47.43794Z INFO async.embed capacity.hold 
2026-09-17T10:45:47.442513Z INFO async.embed capacity.hold 
2026-09-17T10:45:47.449752Z INFO async.embed capacity.hold 
2026-09-17T10:45:47.459141Z INFO async.embed capacity.hold 
2026-09-17T10:45:47.464718Z INFO async.embed capacity.hold 
2026-09-17T10:45:47.473742Z INFO async.embed capacity.hold 
2026-09-17T10:45:47.483478Z INFO async.embed capacity.hold 
2026-09-17T10:45:47.493209Z INFO async.embed capacity.hold 
2026-09-17T10:45:47.500013Z INFO async.embed capacity.hold 
2026-09-17T10:45:47.509471Z INFO async.embed capacity.hold 
2026-09-17T10:45:47.513656Z INFO async.embed capacity.hold 
2026-09-17T10:45:47.523143Z INFO async.embed capacity.hold 
2026-09-17T10:45:47.531128Z INFO async.embed capacity.hold 
2026-09-17T10:45:47.540676Z INFO async.embed capacity.hold 
2026-09-17T10:45:47.550204Z INFO async.embed capacity.hold 
2026-09-17T10:45:47.556821Z INFO async.embed capacity.hold 
2026-09-17T10:45:47.559124Z INFO async.embed capacity.hold 
2026-09-17T10:45:47.568647Z INFO async.embed capacity.hold 
2026-09-17T10:45:47.578114Z INFO async.embed capacity.hold 
2026-09-17T10:45:47.58753Z INFO async.embed capacity.hold 
2026-09-17T10:45:47.593468Z INFO async.embed capacity.hold 
2026-09-17T10:45:47.602958Z INFO async.embed capacity.hold 
2026-09-17T10:45:47.612446Z INFO async.embed capacity.hold 
2026-09-17T10:45:47.621845Z INFO async.embed capacity.hold 
2026-09-17T10:45:47.628122Z INFO async.embed capacity.hold 
2026-09-17T10:45:47.633109Z INFO async.embed capacity.hold 
2026-09-17T10:45:47.64254Z INFO async.embed capacity.hold 
2026-09-17T10:45:47.645618Z INFO async.embed capacity.hold 
2026-09-17T10:45:47.65509Z INFO async.embed capacity.hold 
2026-09-17T10:45:47.658719Z INFO async.embed capacity.hold 
2026-09-17T10:45:47.668557Z INFO async.embed capacity.hold 
2026-09-17T10:45:47.678064Z INFO async.embed capacity.hold 
2026-09-17T10:45:47.685898Z INFO async.embed capacity.hold 
2026-09-17T10:45:47.695846Z INFO async.embed capacity.hold 
2026-09-17T10:45:47.703907Z INFO async.embed capacity.hold 
2026-09-17T10:45:47.713031Z INFO async.embed capacity.hold 
2026-09-17T10:45:47.719367Z INFO async.embed capacity.hold 
2026-09-17T10:45:47.726813Z INFO async.embed capacity.hold 
2026-09-17T10:45:47.736787Z INFO async.embed capacity.hold 
2026-09-17T10:45:47.743643Z INFO async.embed capacity.hold 
2026-09-17T10:45:47.74894Z INFO async.embed capacity.hold 
2026-09-17T10:45:47.752507Z INFO async.embed capacity.hold 
2026-09-17T10:45:47.762184Z INFO async.embed capacity.hold 
2026-09-17T10:45:47.769424Z INFO async.embed capacity.hold 
2026-09-17T10:45:47.777184Z INFO async.embed capacity.hold 
2026-09-17T10:45:47.787271Z INFO async.embed capacity.hold 
2026-09-17T10:45:47.797273Z INFO async.embed capacity.hold 
2026-09-17T10:45:47.806145Z INFO async.embed capacity.hold 
2026-09-17T10:45:47.813656Z INFO async.embed capacity.hold 
2026-09-17T10:45:47.823761Z INFO async.embed capacity.hold 
2026-09-17T10:45:47.832024Z INFO async.embed capacity.hold 
2026-09-17T10:45:47.952424Z INFO finalize.host held 
B6_FINALIZATION_PASSED: core native flush completed after Python finalized
2026-09-17T10:45:48.053579Z INFO finalize.host held 
B6_FINALIZATION_PASSED: bridge native flush completed after Python finalized
B6_EMBEDDED_ASYNC_PASSED: owned/core/bridge held writer, heartbeat, cancellation, timeout and admission
