    Finished `test` profile [unoptimized + debuginfo] target(s) in 0.01s
     Running unittests src/lib.rs (target/debug/deps/sc_observability_dto-3586860372bce37c)

running 0 tests

test result: ok. 0 passed; 0 failed; 0 ignored; 0 measured; 0 filtered out; finished in 0.00s

     Running tests/conversions.rs (target/debug/deps/conversions-363017b572fc8a2e)

running 17 tests
test diagnostics_preserve_unknown_codes_order_and_original_time ... ok
test decimal_domains_are_canonical ... ok
test paths_keep_absence_and_non_unicode ... ok
test level_change_errors_and_unsuccessful_diagnostics_preserve_payloads ... ok
test diagnostic_string_and_step_bounds_are_exact_and_never_truncate ... ok
test checked_event_preserves_integer_and_host_stamp ... ok
test nonfinite_typed_values_cannot_bypass_input_checks ... ok
test malformed_unknown_and_oversized_remote_errors_differ ... ok
test complete_health_projection_and_unsigned_wire_counters ... ok
test inputs_reject_missing_unknown_and_invalid_versions ... ok
test timeouts_are_bounded_integers ... ok
test nested_output_additions_do_not_weaken_strict_inputs ... ok
test registry_has_unique_literals_and_exact_remediation ... ok
test all_stored_event_fields_and_trusted_output_survive ... ok
test query_defaults_and_inclusive_bounds ... ok
test spoofed_provenance_is_rejected_at_all_depths ... ok
test exact_request_size_and_depth_boundaries ... ok

test result: ok. 17 passed; 0 failed; 0 ignored; 0 measured; 0 filtered out; finished in 0.01s

   Doc-tests sc_observability_dto

running 0 tests

test result: ok. 0 passed; 0 failed; 0 ignored; 0 measured; 0 filtered out; finished in 0.00s

