.cargo_vcs_info.json
Cargo.lock
Cargo.toml
Cargo.toml.orig
LICENSE
README.md
clippy.toml
docs/compatibility.md
docs/mapping.md
src/bridge.rs
src/callsite.rs
src/context.rs
src/control.rs
src/error.rs
src/error_codes.rs
src/handle.rs
src/health.rs
src/lib.rs
src/mapping.rs
tests/api_freeze.rs
tests/bridge_guard.rs
tests/bridge_jsonl.rs
tests/bridge_queue_full.rs
tests/compat/events.rs
tests/compat/instrument.rs
tests/compat_events.rs
tests/compat_instrument.rs
tests/flush_single_flight.rs
tests/health_snapshot.rs
tests/init_runtime_start.rs
tests/instrument_jsonl.rs
tests/macros_jsonl.rs
tests/one_writer.rs
tests/reinstall_subprocess.rs
tests/runtime_level_bridge.rs
tests/shutdown_snapshot_unavailable.rs
tests/shutdown_timeout.rs
tests/static_level_cap.rs
tests/ui/event_empty_key.rs
tests/ui/event_empty_key.stderr
tests/ui/event_field_empty.rs
tests/ui/event_field_empty.stderr
tests/ui/event_parent.rs
tests/ui/event_parent.stderr
tests/ui/event_reserved_key_dotted.rs
tests/ui/event_reserved_key_dotted.stderr
tests/ui/event_reserved_key_string.rs
tests/ui/event_reserved_key_string.stderr
tests/ui/event_span_macro.rs
tests/ui/event_span_macro.stderr
tests/ui/event_target_before_name.rs
tests/ui/event_target_before_name.stderr
tests/ui/field_not_serialize_or_debug.rs
tests/ui/field_not_serialize_or_debug.stderr
tests/ui/instrument_deferred_field.rs
tests/ui/instrument_deferred_field.stderr
tests/ui/instrument_entered_across_await.rs
tests/ui/instrument_entered_across_await.stderr
tests/ui/instrument_field_empty.rs
tests/ui/instrument_field_empty.stderr
tests/ui/instrument_follows_from.rs
tests/ui/instrument_follows_from.stderr
tests/ui/instrument_literal_key.rs
tests/ui/instrument_literal_key.stderr
tests/ui/instrument_non_fn.rs
tests/ui/instrument_non_fn.stderr
tests/ui/instrument_parent.rs
tests/ui/instrument_parent.stderr
tests/ui/instrument_reserved_key.rs
tests/ui/instrument_reserved_key.stderr
tests/ui/log_control_cannot_elevate_or_reset.rs
tests/ui/log_control_cannot_elevate_or_reset.stderr
tests/ui/log_control_not_constructible.rs
tests/ui/log_control_not_constructible.stderr
tests/ui/log_control_not_owner.rs
tests/ui/log_control_not_owner.stderr
tests/ui/log_guard_not_clone.rs
tests/ui/log_guard_not_clone.stderr
tests/ui.rs
